Component: Arm Compiler for Embedded 6.21 Tool: armlink [5ec1fa00]

==============================================================================

Section Cross References

    pll.o(.ARM.exidx.text.PLL_Init) refers to pll.o(.text.PLL_Init) for [Anonymous Symbol]
    systick.o(.ARM.exidx.text.SysTick_Init) refers to systick.o(.text.SysTick_Init) for [Anonymous Symbol]
    systick.o(.ARM.exidx.text.SysTick_Wait) refers to systick.o(.text.SysTick_Wait) for [Anonymous Symbol]
    systick.o(.text.SysTick_Wait10ms) refers to systick.o(.text.SysTick_Wait) for SysTick_Wait
    systick.o(.ARM.exidx.text.SysTick_Wait10ms) refers to systick.o(.text.SysTick_Wait10ms) for [Anonymous Symbol]
    systick.o(.text.SysTick_Wait1ms) refers to systick.o(.text.SysTick_Wait) for SysTick_Wait
    systick.o(.ARM.exidx.text.SysTick_Wait1ms) refers to systick.o(.text.SysTick_Wait1ms) for [Anonymous Symbol]
    i2c_init.o(.ARM.exidx.text.I2C_Init) refers to i2c_init.o(.text.I2C_Init) for [Anonymous Symbol]
    uart.o(.ARM.exidx.text.UART_Init) refers to uart.o(.text.UART_Init) for [Anonymous Symbol]
    uart.o(.ARM.exidx.text.UART_InChar) refers to uart.o(.text.UART_InChar) for [Anonymous Symbol]
    uart.o(.ARM.exidx.text.UART_OutChar) refers to uart.o(.text.UART_OutChar) for [Anonymous Symbol]
    uart.o(.text.UART_printf) refers to uart.o(.text.UART_OutChar) for UART_OutChar
    uart.o(.ARM.exidx.text.UART_printf) refers to uart.o(.text.UART_printf) for [Anonymous Symbol]
    uart.o(.text.Status_Check) refers to uart.o(.text.UART_printf) for UART_printf
    uart.o(.text.Status_Check) refers to uart.o(.bss.printf_buffer) for printf_buffer
    uart.o(.text.Status_Check) refers to uart.o(.rodata.str1.1) for .L.str
    uart.o(.text.Status_Check) refers to sprintf.o(.text) for sprintf
    uart.o(.ARM.exidx.text.Status_Check) refers to uart.o(.text.Status_Check) for [Anonymous Symbol]
    vl53l1_platform_2dx4.o(.ARM.exidx.text.beginTxI2C) refers to vl53l1_platform_2dx4.o(.text.beginTxI2C) for [Anonymous Symbol]
    vl53l1_platform_2dx4.o(.ARM.exidx.text.beginRxI2C) refers to vl53l1_platform_2dx4.o(.text.beginRxI2C) for [Anonymous Symbol]
    vl53l1_platform_2dx4.o(.text.writeRegisterIndex) refers to onboardleds.o(.text.FlashI2CTx) for FlashI2CTx
    vl53l1_platform_2dx4.o(.text.writeRegisterIndex) refers to systick.o(.text.SysTick_Wait) for SysTick_Wait
    vl53l1_platform_2dx4.o(.text.writeRegisterIndex) refers to onboardleds.o(.text.FlashI2CError) for FlashI2CError
    vl53l1_platform_2dx4.o(.ARM.exidx.text.writeRegisterIndex) refers to vl53l1_platform_2dx4.o(.text.writeRegisterIndex) for [Anonymous Symbol]
    vl53l1_platform_2dx4.o(.text.writeRegisterIndex_nostop) refers to onboardleds.o(.text.FlashI2CTx) for FlashI2CTx
    vl53l1_platform_2dx4.o(.text.writeRegisterIndex_nostop) refers to systick.o(.text.SysTick_Wait) for SysTick_Wait
    vl53l1_platform_2dx4.o(.text.writeRegisterIndex_nostop) refers to onboardleds.o(.text.FlashI2CError) for FlashI2CError
    vl53l1_platform_2dx4.o(.ARM.exidx.text.writeRegisterIndex_nostop) refers to vl53l1_platform_2dx4.o(.text.writeRegisterIndex_nostop) for [Anonymous Symbol]
    vl53l1_platform_2dx4.o(.text.writeI2C) refers to onboardleds.o(.text.FlashI2CTx) for FlashI2CTx
    vl53l1_platform_2dx4.o(.text.writeI2C) refers to systick.o(.text.SysTick_Wait) for SysTick_Wait
    vl53l1_platform_2dx4.o(.text.writeI2C) refers to onboardleds.o(.text.FlashI2CError) for FlashI2CError
    vl53l1_platform_2dx4.o(.ARM.exidx.text.writeI2C) refers to vl53l1_platform_2dx4.o(.text.writeI2C) for [Anonymous Symbol]
    vl53l1_platform_2dx4.o(.text.readI2C) refers to onboardleds.o(.text.FlashI2CRx) for FlashI2CRx
    vl53l1_platform_2dx4.o(.text.readI2C) refers to systick.o(.text.SysTick_Wait) for SysTick_Wait
    vl53l1_platform_2dx4.o(.text.readI2C) refers to onboardleds.o(.text.FlashI2CError) for FlashI2CError
    vl53l1_platform_2dx4.o(.ARM.exidx.text.readI2C) refers to vl53l1_platform_2dx4.o(.text.readI2C) for [Anonymous Symbol]
    vl53l1_platform_2dx4.o(.text.VL53L1_WriteMulti) refers to vl53l1_platform_2dx4.o(.text.beginTxI2C) for beginTxI2C
    vl53l1_platform_2dx4.o(.text.VL53L1_WriteMulti) refers to vl53l1_platform_2dx4.o(.text.writeRegisterIndex) for writeRegisterIndex
    vl53l1_platform_2dx4.o(.text.VL53L1_WriteMulti) refers to vl53l1_platform_2dx4.o(.text.writeI2C) for writeI2C
    vl53l1_platform_2dx4.o(.ARM.exidx.text.VL53L1_WriteMulti) refers to vl53l1_platform_2dx4.o(.text.VL53L1_WriteMulti) for [Anonymous Symbol]
    vl53l1_platform_2dx4.o(.text.VL53L1_ReadMulti) refers to vl53l1_platform_2dx4.o(.text.beginTxI2C) for beginTxI2C
    vl53l1_platform_2dx4.o(.text.VL53L1_ReadMulti) refers to vl53l1_platform_2dx4.o(.text.writeRegisterIndex) for writeRegisterIndex
    vl53l1_platform_2dx4.o(.text.VL53L1_ReadMulti) refers to vl53l1_platform_2dx4.o(.text.beginRxI2C) for beginRxI2C
    vl53l1_platform_2dx4.o(.text.VL53L1_ReadMulti) refers to vl53l1_platform_2dx4.o(.text.readI2C) for readI2C
[...]
    i.__kernel_poly                          0x00004198   Section        0  poly.o(i.__kernel_poly)
    i.__kernel_sin                           0x00004290   Section        0  sin_i.o(i.__kernel_sin)
    i.__mathlib_dbl_infnan                   0x000043c0   Section        0  dunder.o(i.__mathlib_dbl_infnan)
    i.__mathlib_dbl_invalid                  0x000043d8   Section        0  dunder.o(i.__mathlib_dbl_invalid)
    i.__mathlib_dbl_underflow                0x000043f8   Section        0  dunder.o(i.__mathlib_dbl_underflow)
    i._is_digit                              0x00004418   Section        0  __printf_wp.o(i._is_digit)
    i.fabs                                   0x00004426   Section        0  fabs.o(i.fabs)
    i.sqrt                                   0x0000443e   Section        0  sqrt.o(i.sqrt)
    locale$$code                             0x000044ac   Section       44  lc_numeric_c.o(locale$$code)
    locale$$code                             0x000044d8   Section       44  lc_ctype_c.o(locale$$code)
    $v0                                      0x00004504   Number         0  basic.o(x$fpl$basic)
    x$fpl$basic                              0x00004504   Section       24  basic.o(x$fpl$basic)
    $v0                                      0x0000451c   Number         0  daddsub_clz.o(x$fpl$dadd)
    x$fpl$dadd                               0x0000451c   Section      336  daddsub_clz.o(x$fpl$dadd)
    _dadd1                                   0x0000452d   Thumb Code     0  daddsub_clz.o(x$fpl$dadd)
    $v0                                      0x0000466c   Number         0  ddiv.o(x$fpl$ddiv)
    x$fpl$ddiv                               0x0000466c   Section      692  ddiv.o(x$fpl$ddiv)
    ddiv_entry                               0x00004673   Thumb Code     0  ddiv.o(x$fpl$ddiv)
    $v0                                      0x00004920   Number         0  dfix.o(x$fpl$dfix)
    x$fpl$dfix                               0x00004920   Section       94  dfix.o(x$fpl$dfix)
    $v0                                      0x0000497e   Number         0  dflt_clz.o(x$fpl$dflt)
    x$fpl$dflt                               0x0000497e   Section       46  dflt_clz.o(x$fpl$dflt)
    $v0                                      0x000049ac   Number         0  dflt_clz.o(x$fpl$dfltu)
    x$fpl$dfltu                              0x000049ac   Section       38  dflt_clz.o(x$fpl$dfltu)
    $v0                                      0x000049d4   Number         0  dmul.o(x$fpl$dmul)
    x$fpl$dmul                               0x000049d4   Section      340  dmul.o(x$fpl$dmul)
    $v0                                      0x00004b28   Number         0  dnaninf.o(x$fpl$dnaninf)
    x$fpl$dnaninf                            0x00004b28   Section      156  dnaninf.o(x$fpl$dnaninf)
    $v0                                      0x00004bc4   Number         0  dretinf.o(x$fpl$dretinf)
    x$fpl$dretinf                            0x00004bc4   Section       12  dretinf.o(x$fpl$dretinf)
    $v0                                      0x00004bd0   Number         0  daddsub_clz.o(x$fpl$drsb)
    x$fpl$drsb                               0x00004bd0   Section       22  daddsub_clz.o(x$fpl$drsb)
    $v0                                      0x00004be8   Number         0  dsqrt_umaal.o(x$fpl$dsqrt)
    x$fpl$dsqrt                              0x00004be8   Section      408  dsqrt_umaal.o(x$fpl$dsqrt)
    $v0                                      0x00004d80   Number         0  daddsub_clz.o(x$fpl$dsub)
    x$fpl$dsub                               0x00004d80   Section      476  daddsub_clz.o(x$fpl$dsub)
    _dsub1                                   0x00004d91   Thumb Code     0  daddsub_clz.o(x$fpl$dsub)
    $v0                                      0x00004f5c   Number         0  fpinit.o(x$fpl$fpinit)
    x$fpl$fpinit                             0x00004f5c   Section       26  fpinit.o(x$fpl$fpinit)
    $v0                                      0x00004f76   Number         0  printf1.o(x$fpl$printf1)
    x$fpl$printf1                            0x00004f76   Section        4  printf1.o(x$fpl$printf1)
    $v0                                      0x00004f7a   Number         0  printf2.o(x$fpl$printf2)
    x$fpl$printf2                            0x00004f7a   Section        4  printf2.o(x$fpl$printf2)
    x$fpl$usenofp                            0x00004f7e   Section        0  usenofp.o(x$fpl$usenofp)
    pS                                       0x00004f80   Data          48  acos.o(.constdata)
    .constdata                               0x00004f80   Section       80  acos.o(.constdata)
    qS                                       0x00004fb0   Data          32  acos.o(.constdata)
    initial_mbstate                          0x00004fd0   Data           8  _printf_wctomb.o(.constdata)
    .constdata                               0x00004fd0   Section        8  _printf_wctomb.o(.constdata)
    uc_hextab                                0x00004fd8   Data          20  _printf_hex_int_ll_ptr.o(.constdata)
    .constdata                               0x00004fd8   Section       40  _printf_hex_int_ll_ptr.o(.constdata)
    lc_hextab                                0x00004fec   Data          20  _printf_hex_int_ll_ptr.o(.constdata)
    maptable                                 0x00005000   Data          17  __printf_flags_ss_wp.o(.constdata)
    .constdata                               0x00005000   Section       17  __printf_flags_ss_wp.o(.constdata)
    C                                        0x00005018   Data          48  cos_i.o(.constdata)
    .constdata                               0x00005018   Section       48  cos_i.o(.constdata)
    pio2s                                    0x00005048   Data          48  rred.o(.constdata)
    .constdata                               0x00005048   Section      204  rred.o(.constdata)
    twooverpi                                0x00005078   Data         156  rred.o(.constdata)
    S                                        0x00005118   Data          40  sin_i.o(.constdata)
    .constdata                               0x00005118   Section       40  sin_i.o(.constdata)
    lc_hextab                                0x00005140   Data          19  _printf_fp_hex.o(.constdata)
    .constdata                               0x00005140   Section       38  _printf_fp_hex.o(.constdata)
    uc_hextab                                0x00005153   Data          19  _printf_fp_hex.o(.constdata)
    tenpwrs_x                                0x00005168   Data          60  bigflt0.o(.constdata)
    .constdata                               0x00005168   Section      148  bigflt0.o(.constdata)
    tenpwrs_i                                0x000051a4   Data          64  bigflt0.o(.constdata)
    .L.str                                   0x00005257   Data          20  uart.o(.rodata.str1.1)
    [Anonymous Symbol]                       0x00005257   Section        0  uart.o(.rodata.str1.1)
    .L.str.1                                 0x0000526b   Data          15  uart.o(.rodata.str1.1)
    .L.str.1                                 0x0000527a   Data          29  vl53l1x_api.o(.rodata.str1.1)
    [Anonymous Symbol]                       0x0000527a   Section        0  vl53l1x_api.o(.rodata.str1.1)
    .L.str                                   0x00005297   Data          22  vl53l1x_api.o(.rodata.str1.1)
    .L.str.1                                 0x000052ad   Data          10  project.o(.rodata.str1.1)
    [Anonymous Symbol]                       0x000052ad   Section        0  project.o(.rodata.str1.1)
    .L.str                                   0x000052b7   Data          11  project.o(.rodata.str1.1)
    locale$$data                             0x000052e4   Section       28  lc_numeric_c.o(locale$$data)
    __lcnum_c_name                           0x000052e8   Data           2  lc_numeric_c.o(locale$$data)
    __lcnum_c_start                          0x000052f0   Data           0  lc_numeric_c.o(locale$$data)
    __lcnum_c_point                          0x000052fc   Data           0  lc_numeric_c.o(locale$$data)
    __lcnum_c_thousands                      0x000052fe   Data           0  lc_numeric_c.o(locale$$data)
    __lcnum_c_grouping                       0x000052ff   Data           0  lc_numeric_c.o(locale$$data)
    __lcnum_c_end                            0x00005300   Data           0  lc_numeric_c.o(locale$$data)
    locale$$data                             0x00005300   Section      272  lc_ctype_c.o(locale$$data)
    __lcctype_c_name                         0x00005304   Data           2  lc_ctype_c.o(locale$$data)
    __lcctype_c_start                        0x0000530c   Data           0  lc_ctype_c.o(locale$$data)
    __lcctype_c_end                          0x00005410   Data           0  lc_ctype_c.o(locale$$data)
    .bss                                     0x20000008   Section       96  libspace.o(.bss)
    printf_buffer                            0x200002c0   Data        1023  uart.o(.bss.printf_buffer)
    [Anonymous Symbol]                       0x200002c0   Section        0  uart.o(.bss.printf_buffer)
    printf_buffer                            0x200006bf   Data        1023  project.o(.bss.printf_buffer)
    [Anonymous Symbol]                       0x200006bf   Section        0  project.o(.bss.printf_buffer)
    Heap_Mem                                 0x20000ad8   Data           0  startup_msp432e401y_uvision.o(HEAP)
    Stack_Mem                                0x20000ad8   Data         512  startup_msp432e401y_uvision.o(STACK)
    HEAP                                     0x20000ad8   Section        0  startup_msp432e401y_uvision.o(HEAP)
    STACK                                    0x20000ad8   Section      512  startup_msp432e401y_uvision.o(STACK)
    __initial_sp                             0x20000cd8   Data           0  startup_msp432e401y_uvision.o(STACK)

    Global Symbols

    Symbol Name                              Value     Ov Type        Size  Object(Section)

    BuildAttributes$$THM_ISAv4$E$P$D$K$B$S$7EM$VFPi3$EXTD16$VFPS$VFMA$PE$A:L22UL41UL21$X:L11$S22US41US21$IEEE1$IW$~IW$USESV6$~STKCKD$USESV7$~SHL$OTIME$ROPI$IEEEX$EBA8$UX$STANDARDLIB$REQ8$PRES8$EABIv2 0x00000000   Number         0  anon$$obj.o ABSOLUTE
    __Vectors                                0x00000000   Data           4  startup_msp432e401y_uvision.o(RESET)
    _printf_flags                            0x00000000   Number         0  printf_stubs.o ABSOLUTE
    _printf_return_value                     0x00000000   Number         0  printf_stubs.o ABSOLUTE
    _printf_sizespec                         0x00000000   Number         0  printf_stubs.o ABSOLUTE
    _printf_widthprec                        0x00000000   Number         0  printf_stubs.o ABSOLUTE
    __ARM_exceptions_init                     - Undefined Weak Reference
    __alloca_initialize                       - Undefined Weak Reference
    __arm_preinit_                            - Undefined Weak Reference
    __arm_relocate_pie_                       - Undefined Weak Reference
    __cpp_initialize__aeabi_                  - Undefined Weak Reference
    __cxa_finalize                            - Undefined Weak Reference
    __sigvec_lookup                           - Undefined Weak Reference
    _atexit_init                              - Undefined Weak Reference
    _call_atexit_fns                          - Undefined Weak Reference
    _clock_init                               - Undefined Weak Reference
    _fp_trap_init                             - Undefined Weak Reference
    _fp_trap_shutdown                         - Undefined Weak Reference
    _get_lc_collate                           - Undefined Weak Reference
    _get_lc_monetary                          - Undefined Weak Reference
    _get_lc_time                              - Undefined Weak Reference
    _getenv_init                              - Undefined Weak Reference
    _handle_redirection                       - Undefined Weak Reference
    _init_alloc                               - Undefined Weak Reference
    _init_user_alloc                          - Undefined Weak Reference
    _initio                                   - Undefined Weak Reference
    _printf_mbtowc                            - Undefined Weak Reference
    _printf_wc                                - Undefined Weak Reference
    _rand_init                                - Undefined Weak Reference
    _signal_finish                            - Undefined Weak Reference
    _signal_init                              - Undefined Weak Reference
    _terminate_alloc                          - Undefined Weak Reference
    _terminate_user_alloc                     - Undefined Weak Reference
    _terminateio                              - Undefined Weak Reference
    __Vectors_End                            0x000001fc   Data           0  startup_msp432e401y_uvision.o(RESET)
    __Vectors_Size                           0x000001fc   Number         0  startup_msp432e401y_uvision.o ABSOLUTE
    __main                                   0x000001fd   Thumb Code     8  __main.o(!!!main)
    __scatterload                            0x00000205   Thumb Code     0  __scatter.o(!!!scatter)
    __scatterload_rt2                        0x00000205   Thumb Code    84  __scatter.o(!!!scatter)
    __scatterload_rt2_thumb_only             0x00000205   Thumb Code     0  __scatter.o(!!!scatter)
    __scatterload_loop                       0x0000020f   Thumb Code     0  __scatter.o(!!!scatter)
    __scatterload_copy                       0x00000261   Thumb Code    26  __scatter_copy.o(!!handler_copy)
    __scatterload_null                       0x0000027d   Thumb Code     2  __scatter.o(!!handler_null)
    __scatterload_zeroinit                   0x00000281   Thumb Code    28  __scatter_zi.o(!!handler_zi)
    _printf_n                                0x0000029d   Thumb Code     0  _printf_n.o(.ARM.Collect$$_printf_percent$$00000001)
    _printf_percent                          0x0000029d   Thumb Code     0  _printf_percent.o(.ARM.Collect$$_printf_percent$$00000000)
    _printf_p                                0x000002a3   Thumb Code     0  _printf_p.o(.ARM.Collect$$_printf_percent$$00000002)
    _printf_f                                0x000002a9   Thumb Code     0  _printf_f.o(.ARM.Collect$$_printf_percent$$00000003)
    _printf_e                                0x000002af   Thumb Code     0  _printf_e.o(.ARM.Collect$$_printf_percent$$00000004)
    _printf_g                                0x000002b5   Thumb Code     0  _printf_g.o(.ARM.Collect$$_printf_percent$$00000005)
    _printf_a                                0x000002bb   Thumb Code     0  _printf_a.o(.ARM.Collect$$_printf_percent$$00000006)
    _printf_ll                               0x000002c1   Thumb Code     0  _printf_ll.o(.ARM.Collect$$_printf_percent$$00000007)
    _printf_i                                0x000002cb   Thumb Code     0  _printf_i.o(.ARM.Collect$$_printf_percent$$00000008)
    _printf_d                                0x000002d1   Thumb Code     0  _printf_d.o(.ARM.Collect$$_printf_percent$$00000009)
    _printf_u                                0x000002d7   Thumb Code     0  _printf_u.o(.ARM.Collect$$_printf_percent$$0000000A)
    _printf_o                                0x000002dd   Thumb Code     0  _printf_o.o(.ARM.Collect$$_printf_percent$$0000000B)
    _printf_x                                0x000002e3   Thumb Code     0  _printf_x.o(.ARM.Collect$$_printf_percent$$0000000C)
    _printf_lli                              0x000002e9   Thumb Code     0  _printf_lli.o(.ARM.Collect$$_printf_percent$$0000000D)
    _printf_lld                              0x000002ef   Thumb Code     0  _printf_lld.o(.ARM.Collect$$_printf_percent$$0000000E)
    _printf_llu                              0x000002f5   Thumb Code     0  _printf_llu.o(.ARM.Collect$$_printf_percent$$0000000F)
    _printf_llo                              0x000002fb   Thumb Code     0  _printf_llo.o(.ARM.Collect$$_printf_percent$$00000010)
    _printf_llx                              0x00000301   Thumb Code     0  _printf_llx.o(.ARM.Collect$$_printf_percent$$00000011)
    _printf_l                                0x00000307   Thumb Code     0  _printf_l.o(.ARM.Collect$$_printf_percent$$00000012)
    _printf_c                                0x00000311   Thumb Code     0  _printf_c.o(.ARM.Collect$$_printf_percent$$00000013)
    _printf_s                                0x00000317   Thumb Code     0  _printf_s.o(.ARM.Collect$$_printf_percent$$00000014)
    _printf_lc                               0x0000031d   Thumb Code     0  _printf_lc.o(.ARM.Collect$$_printf_percent$$00000015)
    _printf_ls                               0x00000323   Thumb Code     0  _printf_ls.o(.ARM.Collect$$_printf_percent$$00000016)
    _printf_percent_end                      0x00000329   Thumb Code     0  _printf_percent_end.o(.ARM.Collect$$_printf_percent$$00000017)
    __rt_lib_init                            0x0000032d   Thumb Code     0  libinit.o(.ARM.Collect$$libinit$$00000000)
    __rt_lib_init_fp_1                       0x0000032f   Thumb Code     0  libinit2.o(.ARM.Collect$$libinit$$00000001)
    __rt_lib_init_heap_1                     0x00000333   Thumb Code     0  libinit2.o(.ARM.Collect$$libinit$$0000000C)
    __rt_lib_init_lc_common                  0x00000333   Thumb Code     0  libinit2.o(.ARM.Collect$$libinit$$00000011)
    __rt_lib_init_preinit_1                  0x00000333   Thumb Code     0  libinit2.o(.ARM.Collect$$libinit$$00000006)
    __rt_lib_init_rand_1                     0x00000333   Thumb Code     0  libinit2.o(.ARM.Collect$$libinit$$00000010)
    __rt_lib_init_relocate_pie_1             0x00000333   Thumb Code     0  libinit2.o(.ARM.Collect$$libinit$$00000004)
    __rt_lib_init_user_alloc_1               0x00000333   Thumb Code     0  libinit2.o(.ARM.Collect$$libinit$$0000000E)
    __rt_lib_init_lc_collate_1               0x00000339   Thumb Code     0  libinit2.o(.ARM.Collect$$libinit$$00000013)
    __rt_lib_init_lc_ctype_2                 0x00000339   Thumb Code     0  libinit2.o(.ARM.Collect$$libinit$$00000014)
    __rt_lib_init_lc_ctype_1                 0x00000345   Thumb Code     0  libinit2.o(.ARM.Collect$$libinit$$00000015)
    __rt_lib_init_lc_monetary_1              0x00000345   Thumb Code     0  libinit2.o(.ARM.Collect$$libinit$$00000017)
    __rt_lib_init_lc_numeric_2               0x00000345   Thumb Code     0  libinit2.o(.ARM.Collect$$libinit$$00000018)
    __rt_lib_init_alloca_1                   0x0000034f   Thumb Code     0  libinit2.o(.ARM.Collect$$libinit$$00000030)
    __rt_lib_init_argv_1                     0x0000034f   Thumb Code     0  libinit2.o(.ARM.Collect$$libinit$$0000002E)
    __rt_lib_init_atexit_1                   0x0000034f   Thumb Code     0  libinit2.o(.ARM.Collect$$libinit$$0000001D)
    __rt_lib_init_clock_1                    0x0000034f   Thumb Code     0  libinit2.o(.ARM.Collect$$libinit$$00000023)
    __rt_lib_init_cpp_1                      0x0000034f   Thumb Code     0  libinit2.o(.ARM.Collect$$libinit$$00000034)
    __rt_lib_init_exceptions_1               0x0000034f   Thumb Code     0  libinit2.o(.ARM.Collect$$libinit$$00000032)
    __rt_lib_init_fp_trap_1                  0x0000034f   Thumb Code     0  libinit2.o(.ARM.Collect$$libinit$$00000021)
    __rt_lib_init_getenv_1                   0x0000034f   Thumb Code     0  libinit2.o(.ARM.Collect$$libinit$$00000025)
    __rt_lib_init_lc_numeric_1               0x0000034f   Thumb Code     0  libinit2.o(.ARM.Collect$$libinit$$00000019)
    __rt_lib_init_lc_time_1                  0x0000034f   Thumb Code     0  libinit2.o(.ARM.Collect$$libinit$$0000001B)
    __rt_lib_init_return                     0x0000034f   Thumb Code     0  libinit2.o(.ARM.Collect$$libinit$$00000035)
    __rt_lib_init_signal_1                   0x0000034f   Thumb Code     0  libinit2.o(.ARM.Collect$$libinit$$0000001F)
    __rt_lib_init_stdio_1                    0x0000034f   Thumb Code     0  libinit2.o(.ARM.Collect$$libinit$$00000027)
    __rt_lib_shutdown                        0x00000351   Thumb Code     0  libshutdown.o(.ARM.Collect$$libshutdown$$00000000)
    __rt_lib_shutdown_cpp_1                  0x00000353   Thumb Code     0  libshutdown2.o(.ARM.Collect$$libshutdown$$00000002)
    __rt_lib_shutdown_fp_trap_1              0x00000353   Thumb Code     0  libshutdown2.o(.ARM.Collect$$libshutdown$$00000007)
    __rt_lib_shutdown_heap_1                 0x00000353   Thumb Code     0  libshutdown2.o(.ARM.Collect$$libshutdown$$0000000F)
    __rt_lib_shutdown_return                 0x00000353   Thumb Code     0  libshutdown2.o(.ARM.Collect$$libshutdown$$00000010)
    __rt_lib_shutdown_signal_1               0x00000353   Thumb Code     0  libshutdown2.o(.ARM.Collect$$libshutdown$$0000000A)
    __rt_lib_shutdown_stdio_1                0x00000353   Thumb Code     0  libshutdown2.o(.ARM.Collect$$libshutdown$$00000004)
    __rt_lib_shutdown_user_alloc_1           0x00000353   Thumb Code     0  libshutdown2.o(.ARM.Collect$$libshutdown$$0000000C)
    __rt_entry                               0x00000355   Thumb Code     0  __rtentry.o(.ARM.Collect$$rtentry$$00000000)
    __rt_entry_presh_1                       0x00000355   Thumb Code     0  __rtentry2.o(.ARM.Collect$$rtentry$$00000002)
    __rt_entry_sh                            0x00000355   Thumb Code     0  __rtentry4.o(.ARM.Collect$$rtentry$$00000004)
    __rt_entry_li                            0x0000035b   Thumb Code     0  __rtentry2.o(.ARM.Collect$$rtentry$$0000000A)
    __rt_entry_postsh_1                      0x0000035b   Thumb Code     0  __rtentry2.o(.ARM.Collect$$rtentry$$00000009)
    __rt_entry_main                          0x0000035f   Thumb Code     0  __rtentry2.o(.ARM.Collect$$rtentry$$0000000D)
    __rt_entry_postli_1                      0x0000035f   Thumb Code     0  __rtentry2.o(.ARM.Collect$$rtentry$$0000000C)
    __rt_exit                                0x00000367   Thumb Code     0  rtexit.o(.ARM.Collect$$rtexit$$00000000)
    __rt_exit_ls                             0x00000369   Thumb Code     0  rtexit2.o(.ARM.Collect$$rtexit$$00000003)
    __rt_exit_prels_1                        0x00000369   Thumb Code     0  rtexit2.o(.ARM.Collect$$rtexit$$00000002)
    __rt_exit_exit                           0x0000036d   Thumb Code     0  rtexit2.o(.ARM.Collect$$rtexit$$00000004)
    Reset_Handler                            0x00000375   Thumb Code     8  startup_msp432e401y_uvision.o(.text)
    NMI_Handler                              0x0000037d   Thumb Code     2  startup_msp432e401y_uvision.o(.text)
    HardFault_Handler                        0x0000037f   Thumb Code     2  startup_msp432e401y_uvision.o(.text)
    MemManage_Handler                        0x00000381   Thumb Code     2  startup_msp432e401y_uvision.o(.text)
    BusFault_Handler                         0x00000383   Thumb Code     2  startup_msp432e401y_uvision.o(.text)
    UsageFault_Handler                       0x00000385   Thumb Code     2  startup_msp432e401y_uvision.o(.text)
    SVC_Handler                              0x00000387   Thumb Code     2  startup_msp432e401y_uvision.o(.text)
    DebugMon_Handler                         0x00000389   Thumb Code     2  startup_msp432e401y_uvision.o(.text)
    PendSV_Handler                           0x0000038b   Thumb Code     2  startup_msp432e401y_uvision.o(.text)
    SysTick_Handler                          0x0000038d   Thumb Code     2  startup_msp432e401y_uvision.o(.text)
    ADC0SS0_IRQHandler                       0x0000038f   Thumb Code     0  startup_msp432e401y_uvision.o(.text)
    ADC0SS1_IRQHandler                       0x0000038f   Thumb Code     0  startup_msp432e401y_uvision.o(.text)
    ADC0SS2_IRQHandler                       0x0000038f   Thumb Code     0  startup_msp432e401y_uvision.o(.text)
    ADC0SS3_IRQHandler                       0x0000038f   Thumb Code     0  startup_msp432e401y_uvision.o(.text)
    ADC1SS0_IRQHandler                       0x0000038f   Thumb Code     0  startup_msp432e401y_uvision.o(.text)
    ADC1SS1_IRQHandler                       0x0000038f   Thumb Code     0  startup_msp432e401y_uvision.o(.text)
    ADC1SS2_IRQHandler                       0x0000038f   Thumb Code     0  startup_msp432e401y_uvision.o(.text)
    ADC1SS3_IRQHandler                       0x0000038f   Thumb Code     0  startup_msp432e401y_uvision.o(.text)
    AES0_IRQHandler                          0x0000038f   Thumb Code     0  startup_msp432e401y_uvision.o(.text)
    CAN0_IRQHandler                          0x0000038f   Thumb Code     0  startup_msp432e401y_uvision.o(.text)
    CAN1_IRQHandler                          0x0000038f   Thumb Code     0  startup_msp432e401y_uvision.o(.text)
    COMP0_IRQHandler                         0x0000038f   Thumb Code     0  startup_msp432e401y_uvision.o(.text)
    COMP1_IRQHandler                         0x0000038f   Thumb Code     0  startup_msp432e401y_uvision.o(.text)
    COMP2_IRQHandler                         0x0000038f   Thumb Code     0  startup_msp432e401y_uvision.o(.text)
    DES0_IRQHandler                          0x0000038f   Thumb Code     0  startup_msp432e401y_uvision.o(.text)
    EMAC0_IRQHandler                         0x0000038f   Thumb Code     0  startup_msp432e401y_uvision.o(.text)
    EPI0_IRQHandler                          0x0000038f   Thumb Code     0  startup_msp432e401y_uvision.o(.text)
    FLASH_IRQHandler                         0x0000038f   Thumb Code     0  startup_msp432e401y_uvision.o(.text)
    GPIOA_IRQHandler                         0x0000038f   Thumb Code     0  startup_msp432e401y_uvision.o(.text)
    GPIOB_IRQHandler                         0x0000038f   Thumb Code     0  startup_msp432e401y_uvision.o(.text)
    GPIOC_IRQHandler                         0x0000038f   Thumb Code     0  startup_msp432e401y_uvision.o(.text)
    GPIOD_IRQHandler                         0x0000038f   Thumb Code     0  startup_msp432e401y_uvision.o(.text)
    GPIOE_IRQHandler                         0x0000038f   Thumb Code     0  startup_msp432e401y_uvision.o(.text)
    GPIOF_IRQHandler                         0x0000038f   Thumb Code     0  startup_msp432e401y_uvision.o(.text)
    GPIOG_IRQHandler                         0x0000038f   Thumb Code     0  startup_msp432e401y_uvision.o(.text)
    GPIOH_IRQHandler                         0x0000038f   Thumb Code     0  startup_msp432e401y_uvision.o(.text)
    GPIOJ_IRQHandler                         0x0000038f   Thumb Code     0  startup_msp432e401y_uvision.o(.text)
    GPIOK_IRQHandler                         0x0000038f   Thumb Code     0  startup_msp432e401y_uvision.o(.text)
    GPIOL_IRQHandler                         0x0000038f   Thumb Code     0  startup_msp432e401y_uvision.o(.text)
    GPIOM_IRQHandler                         0x0000038f   Thumb Code     0  startup_msp432e401y_uvision.o(.text)
    GPION_IRQHandler                         0x0000038f   Thumb Code     0  startup_msp432e401y_uvision.o(.text)
    GPIOP0_IRQHandler                        0x0000038f   Thumb Code     0  startup_msp432e401y_uvision.o(.text)
    GPIOP1_IRQHandler                        0x0000038f   Thumb Code     0  startup_msp432e401y_uvision.o(.text)
    GPIOP2_IRQHandler                        0x0000038f   Thumb Code     0  startup_msp432e401y_uvision.o(.text)
    GPIOP3_IRQHandler                        0x0000038f   Thumb Code     0  startup_msp432e401y_uvision.o(.text)
    GPIOP4_IRQHandler                        0x0000038f   Thumb Code     0  startup_msp432e401y_uvision.o(.text)
    GPIOP5_IRQHandler                        0x0000038f   Thumb Code     0  startup_msp432e401y_uvision.o(.text)
    GPIOP6_IRQHandler                        0x0000038f   Thumb Code     0  startup_msp432e401y_uvision.o(.text)
    GPIOP7_IRQHandler                        0x0000038f   Thumb Code     0  startup_msp432e401y_uvision.o(.text)
    GPIOQ0_IRQHandler                        0x0000038f   Thumb Code     0  startup_msp432e401y_uvision.o(.text)
    GPIOQ1_IRQHandler                        0x0000038f   Thumb Code     0  startup_msp432e401y_uvision.o(.text)
    GPIOQ2_IRQHandler                        0x0000038f   Thumb Code     0  startup_msp432e401y_uvision.o(.text)
    GPIOQ3_IRQHandler                        0x0000038f   Thumb Code     0  startup_msp432e401y_uvision.o(.text)
    GPIOQ4_IRQHandler                        0x0000038f   Thumb Code     0  startup_msp432e401y_uvision.o(.text)
    GPIOQ5_IRQHandler                        0x0000038f   Thumb Code     0  startup_msp432e401y_uvision.o(.text)
    GPIOQ6_IRQHandler                        0x0000038f   Thumb Code     0  startup_msp432e401y_uvision.o(.text)
    GPIOQ7_IRQHandler                        0x0000038f   Thumb Code     0  startup_msp432e401y_uvision.o(.text)
    HIBERNATE_IRQHandler                     0x0000038f   Thumb Code     0  startup_msp432e401y_uvision.o(.text)
    I2C0_IRQHandler                          0x0000038f   Thumb Code     0  startup_msp432e401y_uvision.o(.text)
    I2C1_IRQHandler                          0x0000038f   Thumb Code     0  startup_msp432e401y_uvision.o(.text)
    I2C2_IRQHandler                          0x0000038f   Thumb Code     0  startup_msp432e401y_uvision.o(.text)
    I2C3_IRQHandler                          0x0000038f   Thumb Code     0  startup_msp432e401y_uvision.o(.text)
    I2C4_IRQHandler                          0x0000038f   Thumb Code     0  startup_msp432e401y_uvision.o(.text)
    I2C5_IRQHandler                          0x0000038f   Thumb Code     0  startup_msp432e401y_uvision.o(.text)
    I2C6_IRQHandler                          0x0000038f   Thumb Code     0  startup_msp432e401y_uvision.o(.text)
    I2C7_IRQHandler                          0x0000038f   Thumb Code     0  startup_msp432e401y_uvision.o(.text)
    I2C8_IRQHandler                          0x0000038f   Thumb Code     0  startup_msp432e401y_uvision.o(.text)
    I2C9_IRQHandler                          0x0000038f   Thumb Code     0  startup_msp432e401y_uvision.o(.text)
    PWM0_0_IRQHandler                        0x0000038f   Thumb Code     0  startup_msp432e401y_uvision.o(.text)
    PWM0_1_IRQHandler                        0x0000038f   Thumb Code     0  startup_msp432e401y_uvision.o(.text)
    PWM0_2_IRQHandler                        0x0000038f   Thumb Code     0  startup_msp432e401y_uvision.o(.text)
    PWM0_3_IRQHandler                        0x0000038f   Thumb Code     0  startup_msp432e401y_uvision.o(.text)
    PWM0_FAULT_IRQHandler                    0x0000038f   Thumb Code     0  startup_msp432e401y_uvision.o(.text)
    QEI0_IRQHandler                          0x0000038f   Thumb Code     0  startup_msp432e401y_uvision.o(.text)
    SHA0_IRQHandler                          0x0000038f   Thumb Code     0  startup_msp432e401y_uvision.o(.text)
    SSI0_IRQHandler                          0x0000038f   Thumb Code     0  startup_msp432e401y_uvision.o(.text)
    SSI1_IRQHandler                          0x0000038f   Thumb Code     0  startup_msp432e401y_uvision.o(.text)
    SSI2_IRQHandler                          0x0000038f   Thumb Code     0  startup_msp432e401y_uvision.o(.text)
    SSI3_IRQHandler                          0x0000038f   Thumb Code     0  startup_msp432e401y_uvision.o(.text)
    SYSCTL_IRQHandler                        0x0000038f   Thumb Code     0  startup_msp432e401y_uvision.o(.text)
    SYSEXC_IRQHandler                        0x0000038f   Thumb Code     0  startup_msp432e401y_uvision.o(.text)
    TAMPER0_IRQHandler                       0x0000038f   Thumb Code     0  startup_msp432e401y_uvision.o(.text)
    TIMER0A_IRQHandler                       0x0000038f   Thumb Code     0  startup_msp432e401y_uvision.o(.text)
    TIMER0B_IRQHandler                       0x0000038f   Thumb Code     0  startup_msp432e401y_uvision.o(.text)
    TIMER1A_IRQHandler                       0x0000038f   Thumb Code     0  startup_msp432e401y_uvision.o(.text)
    TIMER1B_IRQHandler                       0x0000038f   Thumb Code     0  startup_msp432e401y_uvision.o(.text)
    TIMER2A_IRQHandler                       0x0000038f   Thumb Code     0  startup_msp432e401y_uvision.o(.text)
    TIMER2B_IRQHandler                       0x0000038f   Thumb Code     0  startup_msp432e401y_uvision.o(.text)
    TIMER3A_IRQHandler                       0x0000038f   Thumb Code     0  startup_msp432e401y_uvision.o(.text)
    TIMER3B_IRQHandler                       0x0000038f   Thumb Code     0  startup_msp432e401y_uvision.o(.text)
    TIMER4A_IRQHandler                       0x0000038f   Thumb Code     0  startup_msp432e401y_uvision.o(.text)
    TIMER4B_IRQHandler                       0x0000038f   Thumb Code     0  startup_msp432e401y_uvision.o(.text)
    TIMER5A_IRQHandler                       0x0000038f   Thumb Code     0  startup_msp432e401y_uvision.o(.text)
    TIMER5B_IRQHandler                       0x0000038f   Thumb Code     0  startup_msp432e401y_uvision.o(.text)
    TIMER6A_IRQHandler                       0x0000038f   Thumb Code     0  startup_msp432e401y_uvision.o(.text)
    TIMER6B_IRQHandler                       0x0000038f   Thumb Code     0  startup_msp432e401y_uvision.o(.text)
    TIMER7A_IRQHandler                       0x0000038f   Thumb Code     0  startup_msp432e401y_uvision.o(.text)
    TIMER7B_IRQHandler                       0x0000038f   Thumb Code     0  startup_msp432e401y_uvision.o(.text)
    UART0_IRQHandler                         0x0000038f   Thumb Code     0  startup_msp432e401y_uvision.o(.text)
    UART1_IRQHandler                         0x0000038f   Thumb Code     0  startup_msp432e401y_uvision.o(.text)
    UART2_IRQHandler                         0x0000038f   Thumb Code     0  startup_msp432e401y_uvision.o(.text)
    UART3_IRQHandler                         0x0000038f   Thumb Code     0  startup_msp432e401y_uvision.o(.text)
    UART4_IRQHandler                         0x0000038f   Thumb Code     0  startup_msp432e401y_uvision.o(.text)
    UART5_IRQHandler                         0x0000038f   Thumb Code     0  startup_msp432e401y_uvision.o(.text)
    UART6_IRQHandler                         0x0000038f   Thumb Code     0  startup_msp432e401y_uvision.o(.text)
    UART7_IRQHandler                         0x0000038f   Thumb Code     0  startup_msp432e401y_uvision.o(.text)
    UDMAERR_IRQHandler                       0x0000038f   Thumb Code     0  startup_msp432e401y_uvision.o(.text)
    UDMA_IRQHandler                          0x0000038f   Thumb Code     0  startup_msp432e401y_uvision.o(.text)
    USB0_IRQHandler                          0x0000038f   Thumb Code     0  startup_msp432e401y_uvision.o(.text)
    WATCHDOG_IRQHandler                      0x0000038f   Thumb Code     0  startup_msp432e401y_uvision.o(.text)
    __user_initial_stackheap                 0x00000391   Thumb Code    10  startup_msp432e401y_uvision.o(.text)
    sprintf                                  0x000003b1   Thumb Code    38  sprintf.o(.text)
    __use_two_region_memory                  0x000003dd   Thumb Code     2  heapauxi.o(.text)
    __rt_heap_escrow$2region                 0x000003df   Thumb Code     2  heapauxi.o(.text)
    __rt_heap_expand$2region                 0x000003e1   Thumb Code     2  heapauxi.o(.text)
    __read_errno                             0x000003e3   Thumb Code    10  _rserrno.o(.text)
    __set_errno                              0x000003ed   Thumb Code    12  _rserrno.o(.text)
    _printf_pre_padding                      0x000003f9   Thumb Code    44  _printf_pad.o(.text)
    _printf_post_padding                     0x00000425   Thumb Code    34  _printf_pad.o(.text)
    _printf_truncate_signed                  0x00000447   Thumb Code    18  _printf_truncate.o(.text)
    _printf_truncate_unsigned                0x00000459   Thumb Code    18  _printf_truncate.o(.text)
    _printf_str                              0x0000046b   Thumb Code    82  _printf_str.o(.text)
    _printf_int_dec                          0x000004bd   Thumb Code   104  _printf_dec.o(.text)
    _printf_charcount                        0x00000535   Thumb Code    40  _printf_charcount.o(.text)
    _printf_char_common                      0x00000567   Thumb Code    32  _printf_char_common.o(.text)
    _sputc                                   0x0000058d   Thumb Code    10  _sputc.o(.text)
    _printf_wctomb                           0x00000599   Thumb Code   182  _printf_wctomb.o(.text)
    _printf_longlong_dec                     0x00000655   Thumb Code   108  _printf_longlong_dec.o(.text)
    _printf_longlong_oct                     0x000006d1   Thumb Code    68  _printf_oct_int_ll.o(.text)
    _printf_int_oct                          0x00000715   Thumb Code    24  _printf_oct_int_ll.o(.text)
    _printf_ll_oct                           0x0000072d   Thumb Code    12  _printf_oct_int_ll.o(.text)
    _printf_longlong_hex                     0x00000741   Thumb Code    86  _printf_hex_int_ll_ptr.o(.text)
    _printf_int_hex                          0x00000797   Thumb Code    28  _printf_hex_int_ll_ptr.o(.text)
    _printf_ll_hex                           0x000007b3   Thumb Code    12  _printf_hex_int_ll_ptr.o(.text)
    _printf_hex_ptr                          0x000007bf   Thumb Code    18  _printf_hex_int_ll_ptr.o(.text)
    __printf                                 0x000007d5   Thumb Code   388  __printf_flags_ss_wp.o(.text)
    __aeabi_errno_addr                       0x0000095d   Thumb Code     8  rt_errno_addr_intlibspace.o(.text)
    __errno$intlibspace                      0x0000095d   Thumb Code     0  rt_errno_addr_intlibspace.o(.text)
    __rt_errno_addr$intlibspace              0x0000095d   Thumb Code     0  rt_errno_addr_intlibspace.o(.text)
    _ll_udiv10                               0x00000965   Thumb Code   138  lludiv10.o(.text)
    _printf_int_common                       0x000009ef   Thumb Code   178  _printf_intcommon.o(.text)
    _printf_fp_dec_real                      0x00000c51   Thumb Code   620  _printf_fp_dec.o(.text)
    _printf_fp_hex_real                      0x00000ebd   Thumb Code   756  _printf_fp_hex.o(.text)
    _printf_cs_common                        0x000011b9   Thumb Code    20  _printf_char.o(.text)
    _printf_char                             0x000011cd   Thumb Code    16  _printf_char.o(.text)
    _printf_string                           0x000011dd   Thumb Code     8  _printf_char.o(.text)
    _printf_lcs_common                       0x000011e5   Thumb Code    20  _printf_wchar.o(.text)
    _printf_wchar                            0x000011f9   Thumb Code    16  _printf_wchar.o(.text)
    _printf_wstring                          0x00001209   Thumb Code     8  _printf_wchar.o(.text)
    _c16rtomb                                0x00001211   Thumb Code    72  _c16rtomb.o(.text)
    _wcrtomb                                 0x00001211   Thumb Code     0  _c16rtomb.o(.text)
    __user_libspace                          0x00001259   Thumb Code     8  libspace.o(.text)
    __user_perproc_libspace                  0x00001259   Thumb Code     0  libspace.o(.text)
    __user_perthread_libspace                0x00001259   Thumb Code     0  libspace.o(.text)
    __user_setup_stackheap                   0x00001261   Thumb Code    74  sys_stackheap_outer.o(.text)
    __rt_ctype_table                         0x000012ad   Thumb Code    16  rt_ctype_table.o(.text)
    __rt_locale                              0x000012bd   Thumb Code     8  rt_locale_intlibspace.o(.text)
    _printf_fp_infnan                        0x000012c5   Thumb Code   112  _printf_fp_infnan.o(.text)
    _btod_etento                             0x00001345   Thumb Code   224  bigflt0.o(.text)
    exit                                     0x00001429   Thumb Code    18  exit.o(.text)
    strcmp                                   0x00001441   Thumb Code   124  strcmpv7em.o(.text)
    _sys_exit                                0x000014bd   Thumb Code     8  sys_exit.o(.text)
    __I$use$semihosting                      0x000014c9   Thumb Code     0  use_no_semi.o(.text)
    __use_no_semihosting_swi                 0x000014c9   Thumb Code     2  use_no_semi.o(.text)
    __semihosting_library_function           0x000014cb   Thumb Code     0  indicate_semi.o(.text)
    FlashAllLEDs                             0x000014cd   Thumb Code    78  onboardleds.o(.text.FlashAllLEDs)
    FlashI2CError                            0x0000151d   Thumb Code     8  onboardleds.o(.text.FlashI2CError)
    FlashI2CRx                               0x00001525   Thumb Code     2  onboardleds.o(.text.FlashI2CRx)
    FlashI2CTx                               0x00001529   Thumb Code     2  onboardleds.o(.text.FlashI2CTx)
    FlashLED3                                0x0000152d   Thumb Code    66  onboardleds.o(.text.FlashLED3)
    FlashLED4                                0x00001571   Thumb Code    66  onboardleds.o(.text.FlashLED4)
    I2C_Init                                 0x000015b5   Thumb Code   178  i2c_init.o(.text.I2C_Init)
    PLL_Init                                 0x00001669   Thumb Code   312  pll.o(.text.PLL_Init)
    PortJ_Init                               0x000017a1   Thumb Code   116  project.o(.text.PortJ_Init)
    PortL_Init                               0x00001815   Thumb Code   104  spin.o(.text.PortL_Init)
    PortM_Init                               0x0000187d   Thumb Code   104  project.o(.text.PortM_Init)
    Status_Check                             0x000018e5   Thumb Code    76  uart.o(.text.Status_Check)
    SysTick_Init                             0x00001931   Thumb Code    42  systick.o(.text.SysTick_Init)
    SysTick_Wait                             0x0000195d   Thumb Code    54  systick.o(.text.SysTick_Wait)
    SysTick_Wait10ms                         0x00001995   Thumb Code    48  systick.o(.text.SysTick_Wait10ms)
    SysTick_Wait1ms                          0x000019c5   Thumb Code    44  systick.o(.text.SysTick_Wait1ms)
    SystemInit                               0x000019f1   Thumb Code    36  system_msp432e401y.o(.text.SystemInit)
    UART_InChar                              0x00001a15   Thumb Code    36  uart.o(.text.UART_InChar)
    UART_Init                                0x00001a39   Thumb Code   234  uart.o(.text.UART_Init)
    UART_OutChar                             0x00001b25   Thumb Code    46  uart.o(.text.UART_OutChar)
    UART_printf                              0x00001b55   Thumb Code    44  uart.o(.text.UART_printf)
    VL53L1X_BootState                        0x00001b81   Thumb Code    54  vl53l1x_api.o(.text.VL53L1X_BootState)
    VL53L1X_CheckForDataReady                0x00001bb9   Thumb Code   102  vl53l1x_api.o(.text.VL53L1X_CheckForDataReady)
    VL53L1X_ClearInterrupt                   0x00001c21   Thumb Code    38  vl53l1x_api.o(.text.VL53L1X_ClearInterrupt)
    VL53L1X_GetDistance                      0x00001c49   Thumb Code    48  vl53l1x_api.o(.text.VL53L1X_GetDistance)
    VL53L1X_GetDistanceMode                  0x00001c79   Thumb Code    78  vl53l1x_api.o(.text.VL53L1X_GetDistanceMode)
    VL53L1X_GetInterruptPolarity             0x00001cc9   Thumb Code    70  vl53l1x_api.o(.text.VL53L1X_GetInterruptPolarity)
    VL53L1X_GetSensorId                      0x00001d11   Thumb Code    54  vl53l1x_api.o(.text.VL53L1X_GetSensorId)
    VL53L1X_GetTimingBudgetInMs              0x00001d49   Thumb Code   248  vl53l1x_api.o(.text.VL53L1X_GetTimingBudgetInMs)
    VL53L1X_SensorInit                       0x00001e41   Thumb Code   284  vl53l1x_api.o(.text.VL53L1X_SensorInit)
    VL53L1X_SetDistanceMode                  0x00001f5d   Thumb Code   326  vl53l1x_api.o(.text.VL53L1X_SetDistanceMode)
    VL53L1X_SetTimingBudgetInMs              0x000020a5   Thumb Code   586  vl53l1x_api.o(.text.VL53L1X_SetTimingBudgetInMs)
    VL53L1X_StartRanging                     0x000022f1   Thumb Code    38  vl53l1x_api.o(.text.VL53L1X_StartRanging)
    VL53L1X_StopRanging                      0x00002319   Thumb Code    36  vl53l1x_api.o(.text.VL53L1X_StopRanging)
    VL53L1_RdByte                            0x0000233d   Thumb Code    50  vl53l1_platform_2dx4.o(.text.VL53L1_RdByte)
    VL53L1_RdWord                            0x00002371   Thumb Code    76  vl53l1_platform_2dx4.o(.text.VL53L1_RdWord)
    VL53L1_WaitMs                            0x000023bd   Thumb Code    54  vl53l1_platform_2dx4.o(.text.VL53L1_WaitMs)
    VL53L1_WrByte                            0x000023f5   Thumb Code    48  vl53l1_platform_2dx4.o(.text.VL53L1_WrByte)
    VL53L1_WrWord                            0x00002425   Thumb Code    74  vl53l1_platform_2dx4.o(.text.VL53L1_WrWord)
    act                                      0x00002471   Thumb Code   200  project.o(.text.act)
    beginRxI2C                               0x00002541   Thumb Code    36  vl53l1_platform_2dx4.o(.text.beginRxI2C)
    beginTxI2C                               0x00002565   Thumb Code    36  vl53l1_platform_2dx4.o(.text.beginTxI2C)
    bootSensor                               0x00002589   Thumb Code   172  project.o(.text.bootSensor)
    getCoord                                 0x00002639   Thumb Code   176  project.o(.text.getCoord)
    home                                     0x000026f1   Thumb Code    94  spin.o(.text.home)
    main                                     0x00002751   Thumb Code   600  project.o(.text.main)
    motorOff                                 0x000029b1   Thumb Code    14  spin.o(.text.motorOff)
    onboardLEDs_Init                         0x000029c1   Thumb Code   212  onboardleds.o(.text.onboardLEDs_Init)
    readI2C                                  0x00002a95   Thumb Code   122  vl53l1_platform_2dx4.o(.text.readI2C)
    readVal                                  0x00002b11   Thumb Code   256  project.o(.text.readVal)
    spin45                                   0x00002c11   Thumb Code    68  spin.o(.text.spin45)
    writeI2C                                 0x00002c55   Thumb Code   276  vl53l1_platform_2dx4.o(.text.writeI2C)
    writeRegisterIndex                       0x00002d69   Thumb Code   240  vl53l1_platform_2dx4.o(.text.writeRegisterIndex)
    writeRegisterIndex_nostop                0x00002e59   Thumb Code   240  vl53l1_platform_2dx4.o(.text.writeRegisterIndex_nostop)
    _btod_d2e                                0x00002f49   Thumb Code    62  btod.o(CL$$btod_d2e)
    _d2e_denorm_low                          0x00002f87   Thumb Code    70  btod.o(CL$$btod_d2e_denorm_low)
    _d2e_norm_op1                            0x00002fcd   Thumb Code    96  btod.o(CL$$btod_d2e_norm_op1)
    __btod_div_common                        0x0000302d   Thumb Code   696  btod.o(CL$$btod_div_common)
    _e2e                                     0x00003365   Thumb Code   220  btod.o(CL$$btod_e2e)
    _btod_ediv                               0x00003441   Thumb Code    42  btod.o(CL$$btod_ediv)
    _btod_emul                               0x0000346b   Thumb Code    42  btod.o(CL$$btod_emul)
    __btod_mult_common                       0x00003495   Thumb Code   580  btod.o(CL$$btod_mult_common)
    __ARM_fpclassify                         0x000036d9   Thumb Code    48  fpclassify.o(i.__ARM_fpclassify)
    __hardfp_acos                            0x00003709   Thumb Code   738  acos.o(i.__hardfp_acos)
    __hardfp_cos                             0x00003a61   Thumb Code   180  cos.o(i.__hardfp_cos)
    __hardfp_sin                             0x00003b29   Thumb Code   180  sin.o(i.__hardfp_sin)
    __ieee754_rem_pio2                       0x00003bf1   Thumb Code   938  rred.o(i.__ieee754_rem_pio2)
    __kernel_cos                             0x00004029   Thumb Code   322  cos_i.o(i.__kernel_cos)
    __kernel_poly                            0x00004199   Thumb Code   248  poly.o(i.__kernel_poly)
    __kernel_sin                             0x00004291   Thumb Code   280  sin_i.o(i.__kernel_sin)
    __mathlib_dbl_infnan                     0x000043c1   Thumb Code    20  dunder.o(i.__mathlib_dbl_infnan)
    __mathlib_dbl_invalid                    0x000043d9   Thumb Code    24  dunder.o(i.__mathlib_dbl_invalid)
    __mathlib_dbl_underflow                  0x000043f9   Thumb Code    24  dunder.o(i.__mathlib_dbl_underflow)
    _is_digit                                0x00004419   Thumb Code    14  __printf_wp.o(i._is_digit)
    fabs                                     0x00004427   Thumb Code    24  fabs.o(i.fabs)
    sqrt                                     0x0000443f   Thumb Code   110  sqrt.o(i.sqrt)
    _get_lc_numeric                          0x000044ad   Thumb Code    44  lc_numeric_c.o(locale$$code)
    _get_lc_ctype                            0x000044d9   Thumb Code    44  lc_ctype_c.o(locale$$code)
    __aeabi_dneg                             0x00004505   Thumb Code     0  basic.o(x$fpl$basic)
    _dneg                                    0x00004505   Thumb Code     6  basic.o(x$fpl$basic)
    __aeabi_fneg                             0x0000450b   Thumb Code     0  basic.o(x$fpl$basic)
    _fneg                                    0x0000450b   Thumb Code     6  basic.o(x$fpl$basic)
    _dabs                                    0x00004511   Thumb Code     6  basic.o(x$fpl$basic)
    _fabs                                    0x00004517   Thumb Code     6  basic.o(x$fpl$basic)
    __aeabi_dadd                             0x0000451d   Thumb Code     0  daddsub_clz.o(x$fpl$dadd)
    _dadd                                    0x0000451d   Thumb Code   332  daddsub_clz.o(x$fpl$dadd)
    __aeabi_ddiv                             0x0000466d   Thumb Code     0  ddiv.o(x$fpl$ddiv)
    _ddiv                                    0x0000466d   Thumb Code   556  ddiv.o(x$fpl$ddiv)
    __aeabi_d2iz                             0x00004921   Thumb Code     0  dfix.o(x$fpl$dfix)
    _dfix                                    0x00004921   Thumb Code    94  dfix.o(x$fpl$dfix)
    __aeabi_i2d                              0x0000497f   Thumb Code     0  dflt_clz.o(x$fpl$dflt)
    _dflt                                    0x0000497f   Thumb Code    46  dflt_clz.o(x$fpl$dflt)
    __aeabi_ui2d                             0x000049ad   Thumb Code     0  dflt_clz.o(x$fpl$dfltu)
    _dfltu                                   0x000049ad   Thumb Code    38  dflt_clz.o(x$fpl$dfltu)
    __aeabi_dmul                             0x000049d5   Thumb Code     0  dmul.o(x$fpl$dmul)
    _dmul                                    0x000049d5   Thumb Code   332  dmul.o(x$fpl$dmul)
    __fpl_dnaninf                            0x00004b29   Thumb Code   156  dnaninf.o(x$fpl$dnaninf)
    __fpl_dretinf                            0x00004bc5   Thumb Code    12  dretinf.o(x$fpl$dretinf)
    __aeabi_drsub                            0x00004bd1   Thumb Code     0  daddsub_clz.o(x$fpl$drsb)
    _drsb                                    0x00004bd1   Thumb Code    22  daddsub_clz.o(x$fpl$drsb)
    _dsqrt                                   0x00004be9   Thumb Code   404  dsqrt_umaal.o(x$fpl$dsqrt)
    __aeabi_dsub                             0x00004d81   Thumb Code     0  daddsub_clz.o(x$fpl$dsub)
    _dsub                                    0x00004d81   Thumb Code   472  daddsub_clz.o(x$fpl$dsub)
    _fp_init                                 0x00004f5d   Thumb Code    26  fpinit.o(x$fpl$fpinit)
    __fplib_config_fpu_vfp                   0x00004f75   Thumb Code     0  fpinit.o(x$fpl$fpinit)
    __fplib_config_pureend_doubles           0x00004f75   Thumb Code     0  fpinit.o(x$fpl$fpinit)
    _printf_fp_dec                           0x00004f77   Thumb Code     4  printf1.o(x$fpl$printf1)
    _printf_fp_hex                           0x00004f7b   Thumb Code     4  printf2.o(x$fpl$printf2)
    __I$use$fp                               0x00004f7e   Number         0  usenofp.o(x$fpl$usenofp)
    VL51L1X_DEFAULT_CONFIGURATION            0x000051fc   Data          91  vl53l1x_api.o(.rodata.VL51L1X_DEFAULT_CONFIGURATION)
    Region$$Table$$Base                      0x000052c4   Number         0  anon$$obj.o(Region$$Table)
    Region$$Table$$Limit                     0x000052e4   Number         0  anon$$obj.o(Region$$Table)
    __ctype                                  0x0000530d   Data           0  lc_ctype_c.o(locale$$data)
    SystemCoreClock                          0x20000000   Data           4  system_msp432e401y.o(.data.SystemCoreClock)
    dev                                      0x20000004   Data           2  project.o(.data.dev)
    __libspace_start                         0x20000008   Data          96  libspace.o(.bss)
    Distance                                 0x20000068   Data           2  project.o(.bss.Distance)
    __temporary_stack_top$libspace           0x20000068   Data           0  libspace.o(.bss)
    active                                   0x2000006a   Data           1  project.o(.bss.active)
    coordinate                               0x20000070   Data         576  project.o(.bss.coordinate)
    dataReady                                0x200002b0   Data           1  project.o(.bss.dataReady)
    guessPush                                0x200002b1   Data           1  project.o(.bss.guessPush)
    layer                                    0x200002b2   Data           1  project.o(.bss.layer)
    pi                                       0x200002b8   Data           8  project.o(.bss.pi)
    sensorState                              0x20000abe   Data           1  project.o(.bss.sensorState)
    status                                   0x20000abf   Data           1  project.o(.bss.status)
    wordData                                 0x20000ac0   Data           2  project.o(.bss.wordData)
    x                                        0x20000ac8   Data           8  project.o(.bss.x)
    y                                        0x20000ad0   Data           8  project.o(.bss.y)



==============================================================================

Memory Map of the image

  Image Entry point : 0x00000375

  Load Region LR_1 (Base: 0x00000000, Size: 0x00005418, Max: 0xffffffff, ABSOLUTE)

    Execution Region ER_RO (Exec base: 0x00000000, Load base: 0x00000000, Size: 0x00005410, Max: 0xffffffff, ABSOLUTE)

    Exec Addr    Load Addr    Size         Type   Attr      Idx    E Section Name        Object

    0x00000000   0x00000000   0x000001fc   Data   RO          273    RESET               startup_msp432e401y_uvision.o
    0x000001fc   0x000001fc   0x00000008   Code   RO          298  * !!!main             c_w.l(__main.o)
    0x00000204   0x00000204   0x0000005c   Code   RO          734    !!!scatter          c_w.l(__scatter.o)
    0x00000260   0x00000260   0x0000001a   Code   RO          738    !!handler_copy      c_w.l(__scatter_copy.o)
    0x0000027a   0x0000027a   0x00000002   PAD
    0x0000027c   0x0000027c   0x00000002   Code   RO          735    !!handler_null      c_w.l(__scatter.o)
    0x0000027e   0x0000027e   0x00000002   PAD
    0x00000280   0x00000280   0x0000001c   Code   RO          740    !!handler_zi        c_w.l(__scatter_zi.o)
    0x0000029c   0x0000029c   0x00000000   Code   RO          423    .ARM.Collect$$_printf_percent$$00000000  c_w.l(_printf_percent.o)
    0x0000029c   0x0000029c   0x00000006   Code   RO          412    .ARM.Collect$$_printf_percent$$00000001  c_w.l(_printf_n.o)
    0x000002a2   0x000002a2   0x00000006   Code   RO          414    .ARM.Collect$$_printf_percent$$00000002  c_w.l(_printf_p.o)
    0x000002a8   0x000002a8   0x00000006   Code   RO          419    .ARM.Collect$$_printf_percent$$00000003  c_w.l(_printf_f.o)
    0x000002ae   0x000002ae   0x00000006   Code   RO          420    .ARM.Collect$$_printf_percent$$00000004  c_w.l(_printf_e.o)
    0x000002b4   0x000002b4   0x00000006   Code   RO          421    .ARM.Collect$$_printf_percent$$00000005  c_w.l(_printf_g.o)
    0x000002ba   0x000002ba   0x00000006   Code   RO          422    .ARM.Collect$$_printf_percent$$00000006  c_w.l(_printf_a.o)
    0x000002c0   0x000002c0   0x0000000a   Code   RO          427    .ARM.Collect$$_printf_percent$$00000007  c_w.l(_printf_ll.o)
    0x000002ca   0x000002ca   0x00000006   Code   RO          416    .ARM.Collect$$_printf_percent$$00000008  c_w.l(_printf_i.o)
    0x000002d0   0x000002d0   0x00000006   Code   RO          417    .ARM.Collect$$_printf_percent$$00000009  c_w.l(_printf_d.o)
    0x000002d6   0x000002d6   0x00000006   Code   RO          418    .ARM.Collect$$_printf_percent$$0000000A  c_w.l(_printf_u.o)
    0x000002dc   0x000002dc   0x00000006   Code   RO          415    .ARM.Collect$$_printf_percent$$0000000B  c_w.l(_printf_o.o)
    0x000002e2   0x000002e2   0x00000006   Code   RO          413    .ARM.Collect$$_printf_percent$$0000000C  c_w.l(_printf_x.o)
    0x000002e8   0x000002e8   0x00000006   Code   RO          424    .ARM.Collect$$_printf_percent$$0000000D  c_w.l(_printf_lli.o)
    0x000002ee   0x000002ee   0x00000006   Code   RO          425    .ARM.Collect$$_printf_percent$$0000000E  c_w.l(_printf_lld.o)
    0x000002f4   0x000002f4   0x00000006   Code   RO          426    .ARM.Collect$$_printf_percent$$0000000F  c_w.l(_printf_llu.o)
    0x000002fa   0x000002fa   0x00000006   Code   RO          431    .ARM.Collect$$_printf_percent$$00000010  c_w.l(_printf_llo.o)
    0x00000300   0x00000300   0x00000006   Code   RO          432    .ARM.Collect$$_printf_percent$$00000011  c_w.l(_printf_llx.o)
    0x00000306   0x00000306   0x0000000a   Code   RO          428    .ARM.Collect$$_printf_percent$$00000012  c_w.l(_printf_l.o)
    0x00000310   0x00000310   0x00000006   Code   RO          410    .ARM.Collect$$_printf_percent$$00000013  c_w.l(_printf_c.o)
    0x00000316   0x00000316   0x00000006   Code   RO          411    .ARM.Collect$$_printf_percent$$00000014  c_w.l(_printf_s.o)
    0x0000031c   0x0000031c   0x00000006   Code   RO          429    .ARM.Collect$$_printf_percent$$00000015  c_w.l(_printf_lc.o)
    0x00000322   0x00000322   0x00000006   Code   RO          430    .ARM.Collect$$_printf_percent$$00000016  c_w.l(_printf_ls.o)
    0x00000328   0x00000328   0x00000004   Code   RO          524    .ARM.Collect$$_printf_percent$$00000017  c_w.l(_printf_percent_end.o)
    0x0000032c   0x0000032c   0x00000002   Code   RO          588    .ARM.Collect$$libinit$$00000000  c_w.l(libinit.o)
    0x0000032e   0x0000032e   0x00000004   Code   RO          600    .ARM.Collect$$libinit$$00000001  c_w.l(libinit2.o)
    0x00000332   0x00000332   0x00000000   Code   RO          603    .ARM.Collect$$libinit$$00000004  c_w.l(libinit2.o)
    0x00000332   0x00000332   0x00000000   Code   RO          605    .ARM.Collect$$libinit$$00000006  c_w.l(libinit2.o)
    0x00000332   0x00000332   0x00000000   Code   RO          608    .ARM.Collect$$libinit$$0000000C  c_w.l(libinit2.o)
    0x00000332   0x00000332   0x00000000   Code   RO          610    .ARM.Collect$$libinit$$0000000E  c_w.l(libinit2.o)
    0x00000332   0x00000332   0x00000000   Code   RO          612    .ARM.Collect$$libinit$$00000010  c_w.l(libinit2.o)
    0x00000332   0x00000332   0x00000006   Code   RO          613    .ARM.Collect$$libinit$$00000011  c_w.l(libinit2.o)
    0x00000338   0x00000338   0x00000000   Code   RO          615    .ARM.Collect$$libinit$$00000013  c_w.l(libinit2.o)
    0x00000338   0x00000338   0x0000000c   Code   RO          616    .ARM.Collect$$libinit$$00000014  c_w.l(libinit2.o)
    0x00000344   0x00000344   0x00000000   Code   RO          617    .ARM.Collect$$libinit$$00000015  c_w.l(libinit2.o)
    0x00000344   0x00000344   0x00000000   Code   RO          619    .ARM.Collect$$libinit$$00000017  c_w.l(libinit2.o)
    0x00000344   0x00000344   0x0000000a   Code   RO          620    .ARM.Collect$$libinit$$00000018  c_w.l(libinit2.o)
    0x0000034e   0x0000034e   0x00000000   Code   RO          621    .ARM.Collect$$libinit$$00000019  c_w.l(libinit2.o)
    0x0000034e   0x0000034e   0x00000000   Code   RO          623    .ARM.Collect$$libinit$$0000001B  c_w.l(libinit2.o)
    0x0000034e   0x0000034e   0x00000000   Code   RO          625    .ARM.Collect$$libinit$$0000001D  c_w.l(libinit2.o)
    0x0000034e   0x0000034e   0x00000000   Code   RO          627    .ARM.Collect$$libinit$$0000001F  c_w.l(libinit2.o)
    0x0000034e   0x0000034e   0x00000000   Code   RO          629    .ARM.Collect$$libinit$$00000021  c_w.l(libinit2.o)
    0x0000034e   0x0000034e   0x00000000   Code   RO          631    .ARM.Collect$$libinit$$00000023  c_w.l(libinit2.o)
    0x0000034e   0x0000034e   0x00000000   Code   RO          633    .ARM.Collect$$libinit$$00000025  c_w.l(libinit2.o)
    0x0000034e   0x0000034e   0x00000000   Code   RO          635    .ARM.Collect$$libinit$$00000027  c_w.l(libinit2.o)
    0x0000034e   0x0000034e   0x00000000   Code   RO          639    .ARM.Collect$$libinit$$0000002E  c_w.l(libinit2.o)
    0x0000034e   0x0000034e   0x00000000   Code   RO          641    .ARM.Collect$$libinit$$00000030  c_w.l(libinit2.o)
    0x0000034e   0x0000034e   0x00000000   Code   RO          643    .ARM.Collect$$libinit$$00000032  c_w.l(libinit2.o)
    0x0000034e   0x0000034e   0x00000000   Code   RO          645    .ARM.Collect$$libinit$$00000034  c_w.l(libinit2.o)
    0x0000034e   0x0000034e   0x00000002   Code   RO          646    .ARM.Collect$$libinit$$00000035  c_w.l(libinit2.o)
    0x00000350   0x00000350   0x00000002   Code   RO          670    .ARM.Collect$$libshutdown$$00000000  c_w.l(libshutdown.o)
    0x00000352   0x00000352   0x00000000   Code   RO          685    .ARM.Collect$$libshutdown$$00000002  c_w.l(libshutdown2.o)
    0x00000352   0x00000352   0x00000000   Code   RO          687    .ARM.Collect$$libshutdown$$00000004  c_w.l(libshutdown2.o)
    0x00000352   0x00000352   0x00000000   Code   RO          690    .ARM.Collect$$libshutdown$$00000007  c_w.l(libshutdown2.o)
    0x00000352   0x00000352   0x00000000   Code   RO          693    .ARM.Collect$$libshutdown$$0000000A  c_w.l(libshutdown2.o)
    0x00000352   0x00000352   0x00000000   Code   RO          695    .ARM.Collect$$libshutdown$$0000000C  c_w.l(libshutdown2.o)
    0x00000352   0x00000352   0x00000000   Code   RO          698    .ARM.Collect$$libshutdown$$0000000F  c_w.l(libshutdown2.o)
    0x00000352   0x00000352   0x00000002   Code   RO          699    .ARM.Collect$$libshutdown$$00000010  c_w.l(libshutdown2.o)
    0x00000354   0x00000354   0x00000000   Code   RO          339    .ARM.Collect$$rtentry$$00000000  c_w.l(__rtentry.o)
    0x00000354   0x00000354   0x00000000   Code   RO          488    .ARM.Collect$$rtentry$$00000002  c_w.l(__rtentry2.o)
    0x00000354   0x00000354   0x00000006   Code   RO          500    .ARM.Collect$$rtentry$$00000004  c_w.l(__rtentry4.o)
    0x0000035a   0x0000035a   0x00000000   Code   RO          490    .ARM.Collect$$rtentry$$00000009  c_w.l(__rtentry2.o)
    0x0000035a   0x0000035a   0x00000004   Code   RO          491    .ARM.Collect$$rtentry$$0000000A  c_w.l(__rtentry2.o)
    0x0000035e   0x0000035e   0x00000000   Code   RO          493    .ARM.Collect$$rtentry$$0000000C  c_w.l(__rtentry2.o)
    0x0000035e   0x0000035e   0x00000008   Code   RO          494    .ARM.Collect$$rtentry$$0000000D  c_w.l(__rtentry2.o)
    0x00000366   0x00000366   0x00000002   Code   RO          591    .ARM.Collect$$rtexit$$00000000  c_w.l(rtexit.o)
    0x00000368   0x00000368   0x00000000   Code   RO          648    .ARM.Collect$$rtexit$$00000002  c_w.l(rtexit2.o)
    0x00000368   0x00000368   0x00000004   Code   RO          649    .ARM.Collect$$rtexit$$00000003  c_w.l(rtexit2.o)
    0x0000036c   0x0000036c   0x00000006   Code   RO          650    .ARM.Collect$$rtexit$$00000004  c_w.l(rtexit2.o)
    0x00000372   0x00000372   0x00000002   PAD
    0x00000374   0x00000374   0x0000003c   Code   RO          274  * .text               startup_msp432e401y_uvision.o
    0x000003b0   0x000003b0   0x0000002c   Code   RO          294    .text               c_w.l(sprintf.o)
    0x000003dc   0x000003dc   0x00000006   Code   RO          296    .text               c_w.l(heapauxi.o)
    0x000003e2   0x000003e2   0x00000016   Code   RO          340    .text               c_w.l(_rserrno.o)
    0x000003f8   0x000003f8   0x0000004e   Code   RO          344    .text               c_w.l(_printf_pad.o)
    0x00000446   0x00000446   0x00000024   Code   RO          346    .text               c_w.l(_printf_truncate.o)
    0x0000046a   0x0000046a   0x00000052   Code   RO          348    .text               c_w.l(_printf_str.o)
    0x000004bc   0x000004bc   0x00000078   Code   RO          350    .text               c_w.l(_printf_dec.o)
    0x00000534   0x00000534   0x00000028   Code   RO          352    .text               c_w.l(_printf_charcount.o)
    0x0000055c   0x0000055c   0x00000030   Code   RO          354    .text               c_w.l(_printf_char_common.o)
    0x0000058c   0x0000058c   0x0000000a   Code   RO          356    .text               c_w.l(_sputc.o)
    0x00000596   0x00000596   0x00000002   PAD
    0x00000598   0x00000598   0x000000bc   Code   RO          358    .text               c_w.l(_printf_wctomb.o)
    0x00000654   0x00000654   0x0000007c   Code   RO          361    .text               c_w.l(_printf_longlong_dec.o)
    0x000006d0   0x000006d0   0x00000070   Code   RO          367    .text               c_w.l(_printf_oct_int_ll.o)
    0x00000740   0x00000740   0x00000094   Code   RO          387    .text               c_w.l(_printf_hex_int_ll_ptr.o)
    0x000007d4   0x000007d4   0x00000188   Code   RO          407    .text               c_w.l(__printf_flags_ss_wp.o)
    0x0000095c   0x0000095c   0x00000008   Code   RO          505    .text               c_w.l(rt_errno_addr_intlibspace.o)
    0x00000964   0x00000964   0x0000008a   Code   RO          507    .text               c_w.l(lludiv10.o)
    0x000009ee   0x000009ee   0x000000b2   Code   RO          509    .text               c_w.l(_printf_intcommon.o)
    0x00000aa0   0x00000aa0   0x0000041c   Code   RO          511    .text               c_w.l(_printf_fp_dec.o)
    0x00000ebc   0x00000ebc   0x000002fc   Code   RO          515    .text               c_w.l(_printf_fp_hex.o)
    0x000011b8   0x000011b8   0x0000002c   Code   RO          520    .text               c_w.l(_printf_char.o)
    0x000011e4   0x000011e4   0x0000002c   Code   RO          522    .text               c_w.l(_printf_wchar.o)
    0x00001210   0x00001210   0x00000048   Code   RO          525    .text               c_w.l(_c16rtomb.o)
    0x00001258   0x00001258   0x00000008   Code   RO          537    .text               c_w.l(libspace.o)
    0x00001260   0x00001260   0x0000004a   Code   RO          540    .text               c_w.l(sys_stackheap_outer.o)
    0x000012aa   0x000012aa   0x00000002   PAD
    0x000012ac   0x000012ac   0x00000010   Code   RO          542    .text               c_w.l(rt_ctype_table.o)
    0x000012bc   0x000012bc   0x00000008   Code   RO          547    .text               c_w.l(rt_locale_intlibspace.o)
    0x000012c4   0x000012c4   0x00000080   Code   RO          549    .text               c_w.l(_printf_fp_infnan.o)
    0x00001344   0x00001344   0x000000e4   Code   RO          551    .text               c_w.l(bigflt0.o)
    0x00001428   0x00001428   0x00000012   Code   RO          581    .text               c_w.l(exit.o)
    0x0000143a   0x0000143a   0x00000006   PAD
    0x00001440   0x00001440   0x0000007c   Code   RO          598    .text               c_w.l(strcmpv7em.o)
    0x000014bc   0x000014bc   0x0000000c   Code   RO          660    .text               c_w.l(sys_exit.o)
    0x000014c8   0x000014c8   0x00000002   Code   RO          675    .text               c_w.l(use_no_semi.o)
    0x000014ca   0x000014ca   0x00000000   Code   RO          677    .text               c_w.l(indicate_semi.o)
    0x000014ca   0x000014ca   0x00000002   PAD
    0x000014cc   0x000014cc   0x0000004e   Code   RO          192    .text.FlashAllLEDs  onboardleds.o
    0x0000151a   0x0000151a   0x00000002   PAD
    0x0000151c   0x0000151c   0x00000008   Code   RO          198    .text.FlashI2CError  onboardleds.o
    0x00001524   0x00001524   0x00000002   Code   RO          196    .text.FlashI2CRx    onboardleds.o
    0x00001526   0x00001526   0x00000002   PAD
    0x00001528   0x00001528   0x00000002   Code   RO          194    .text.FlashI2CTx    onboardleds.o
    0x0000152a   0x0000152a   0x00000002   PAD
    0x0000152c   0x0000152c   0x00000042   Code   RO          188    .text.FlashLED3     onboardleds.o
    0x0000156e   0x0000156e   0x00000002   PAD
    0x00001570   0x00001570   0x00000042   Code   RO          190    .text.FlashLED4     onboardleds.o
    0x000015b2   0x000015b2   0x00000002   PAD
    0x000015b4   0x000015b4   0x000000b2   Code   RO           25    .text.I2C_Init      i2c_init.o
    0x00001666   0x00001666   0x00000002   PAD
    0x00001668   0x00001668   0x00000138   Code   RO            2    .text.PLL_Init      pll.o
    0x000017a0   0x000017a0   0x00000074   Code   RO          230    .text.PortJ_Init    project.o
    0x00001814   0x00001814   0x00000068   Code   RO          209    .text.PortL_Init    spin.o
    0x0000187c   0x0000187c   0x00000068   Code   RO          232    .text.PortM_Init    project.o
    0x000018e4   0x000018e4   0x0000004c   Code   RO           41    .text.Status_Check  uart.o
    0x00001930   0x00001930   0x0000002a   Code   RO           10    .text.SysTick_Init  systick.o
    0x0000195a   0x0000195a   0x00000002   PAD
    0x0000195c   0x0000195c   0x00000036   Code   RO           12    .text.SysTick_Wait  systick.o
    0x00001992   0x00001992   0x00000002   PAD
    0x00001994   0x00001994   0x00000030   Code   RO           14    .text.SysTick_Wait10ms  systick.o
    0x000019c4   0x000019c4   0x0000002c   Code   RO           16    .text.SysTick_Wait1ms  systick.o
    0x000019f0   0x000019f0   0x00000024   Code   RO          283    .text.SystemInit    system_msp432e401y.o
    0x00001a14   0x00001a14   0x00000024   Code   RO           35    .text.UART_InChar   uart.o
    0x00001a38   0x00001a38   0x000000ea   Code   RO           33    .text.UART_Init     uart.o
    0x00001b22   0x00001b22   0x00000002   PAD
    0x00001b24   0x00001b24   0x0000002e   Code   RO           37    .text.UART_OutChar  uart.o
    0x00001b52   0x00001b52   0x00000002   PAD
    0x00001b54   0x00001b54   0x0000002c   Code   RO           39    .text.UART_printf   uart.o
    0x00001b80   0x00001b80   0x00000036   Code   RO          120    .text.VL53L1X_BootState  vl53l1x_api.o
    0x00001bb6   0x00001bb6   0x00000002   PAD
    0x00001bb8   0x00001bb8   0x00000066   Code   RO          100    .text.VL53L1X_CheckForDataReady  vl53l1x_api.o
    0x00001c1e   0x00001c1e   0x00000002   PAD
    0x00001c20   0x00001c20   0x00000026   Code   RO           96    .text.VL53L1X_ClearInterrupt  vl53l1x_api.o
    0x00001c46   0x00001c46   0x00000002   PAD
    0x00001c48   0x00001c48   0x00000030   Code   RO          124    .text.VL53L1X_GetDistance  vl53l1x_api.o
    0x00001c78   0x00001c78   0x0000004e   Code   RO          110    .text.VL53L1X_GetDistanceMode  vl53l1x_api.o
    0x00001cc6   0x00001cc6   0x00000002   PAD
    0x00001cc8   0x00001cc8   0x00000046   Code   RO          106    .text.VL53L1X_GetInterruptPolarity  vl53l1x_api.o
    0x00001d0e   0x00001d0e   0x00000002   PAD
    0x00001d10   0x00001d10   0x00000036   Code   RO          122    .text.VL53L1X_GetSensorId  vl53l1x_api.o
    0x00001d46   0x00001d46   0x00000002   PAD
    0x00001d48   0x00001d48   0x000000f8   Code   RO          112    .text.VL53L1X_GetTimingBudgetInMs  vl53l1x_api.o
    0x00001e40   0x00001e40   0x0000011c   Code   RO           94    .text.VL53L1X_SensorInit  vl53l1x_api.o
    0x00001f5c   0x00001f5c   0x00000146   Code   RO          114    .text.VL53L1X_SetDistanceMode  vl53l1x_api.o
    0x000020a2   0x000020a2   0x00000002   PAD
    0x000020a4   0x000020a4   0x0000024a   Code   RO          108    .text.VL53L1X_SetTimingBudgetInMs  vl53l1x_api.o
    0x000022ee   0x000022ee   0x00000002   PAD
    0x000022f0   0x000022f0   0x00000026   Code   RO           98    .text.VL53L1X_StartRanging  vl53l1x_api.o
    0x00002316   0x00002316   0x00000002   PAD
    0x00002318   0x00002318   0x00000024   Code   RO          102    .text.VL53L1X_StopRanging  vl53l1x_api.o
    0x0000233c   0x0000233c   0x00000032   Code   RO           74    .text.VL53L1_RdByte  vl53l1_platform_2dx4.o
    0x0000236e   0x0000236e   0x00000002   PAD
    0x00002370   0x00002370   0x0000004c   Code   RO           76    .text.VL53L1_RdWord  vl53l1_platform_2dx4.o
    0x000023bc   0x000023bc   0x00000036   Code   RO           80    .text.VL53L1_WaitMs  vl53l1_platform_2dx4.o
    0x000023f2   0x000023f2   0x00000002   PAD
    0x000023f4   0x000023f4   0x00000030   Code   RO           68    .text.VL53L1_WrByte  vl53l1_platform_2dx4.o
    0x00002424   0x00002424   0x0000004a   Code   RO           70    .text.VL53L1_WrWord  vl53l1_platform_2dx4.o
    0x0000246e   0x0000246e   0x00000002   PAD
    0x00002470   0x00002470   0x000000d0   Code   RO          240    .text.act           project.o
    0x00002540   0x00002540   0x00000024   Code   RO           54    .text.beginRxI2C    vl53l1_platform_2dx4.o
    0x00002564   0x00002564   0x00000024   Code   RO           52    .text.beginTxI2C    vl53l1_platform_2dx4.o
    0x00002588   0x00002588   0x000000ac   Code   RO          238    .text.bootSensor    project.o
    0x00002634   0x00002634   0x00000004   PAD
    0x00002638   0x00002638   0x000000b8   Code   RO          234    .text.getCoord      project.o
    0x000026f0   0x000026f0   0x0000005e   Code   RO          215    .text.home          spin.o
    0x0000274e   0x0000274e   0x00000002   PAD
    0x00002750   0x00002750   0x00000260   Code   RO          242    .text.main          project.o
    0x000029b0   0x000029b0   0x0000000e   Code   RO          217    .text.motorOff      spin.o
    0x000029be   0x000029be   0x00000002   PAD
    0x000029c0   0x000029c0   0x000000d4   Code   RO          200    .text.onboardLEDs_Init  onboardleds.o
    0x00002a94   0x00002a94   0x0000007a   Code   RO           62    .text.readI2C       vl53l1_platform_2dx4.o
    0x00002b0e   0x00002b0e   0x00000002   PAD
    0x00002b10   0x00002b10   0x00000100   Code   RO          236    .text.readVal       project.o
    0x00002c10   0x00002c10   0x00000044   Code   RO          213    .text.spin45        spin.o
    0x00002c54   0x00002c54   0x00000114   Code   RO           60    .text.writeI2C      vl53l1_platform_2dx4.o
    0x00002d68   0x00002d68   0x000000f0   Code   RO           56    .text.writeRegisterIndex  vl53l1_platform_2dx4.o
    0x00002e58   0x00002e58   0x000000f0   Code   RO           58    .text.writeRegisterIndex_nostop  vl53l1_platform_2dx4.o
    0x00002f48   0x00002f48   0x0000003e   Code   RO          554    CL$$btod_d2e        c_w.l(btod.o)
    0x00002f86   0x00002f86   0x00000046   Code   RO          556    CL$$btod_d2e_denorm_low  c_w.l(btod.o)
    0x00002fcc   0x00002fcc   0x00000060   Code   RO          555    CL$$btod_d2e_norm_op1  c_w.l(btod.o)
    0x0000302c   0x0000302c   0x00000338   Code   RO          564    CL$$btod_div_common  c_w.l(btod.o)
    0x00003364   0x00003364   0x000000dc   Code   RO          561    CL$$btod_e2e        c_w.l(btod.o)
    0x00003440   0x00003440   0x0000002a   Code   RO          558    CL$$btod_ediv       c_w.l(btod.o)
    0x0000346a   0x0000346a   0x0000002a   Code   RO          557    CL$$btod_emul       c_w.l(btod.o)
    0x00003494   0x00003494   0x00000244   Code   RO          563    CL$$btod_mult_common  c_w.l(btod.o)
    0x000036d8   0x000036d8   0x00000030   Code   RO          535    i.__ARM_fpclassify  m_wm.l(fpclassify.o)
    0x00003708   0x00003708   0x00000358   Code   RO          320    i.__hardfp_acos     m_wm.l(acos.o)
    0x00003a60   0x00003a60   0x000000c8   Code   RO          327    i.__hardfp_cos      m_wm.l(cos.o)
    0x00003b28   0x00003b28   0x000000c8   Code   RO          333    i.__hardfp_sin      m_wm.l(sin.o)
    0x00003bf0   0x00003bf0   0x00000438   Code   RO          473    i.__ieee754_rem_pio2  m_wm.l(rred.o)
    0x00004028   0x00004028   0x00000170   Code   RO          454    i.__kernel_cos      m_wm.l(cos_i.o)
    0x00004198   0x00004198   0x000000f8   Code   RO          471    i.__kernel_poly     m_wm.l(poly.o)
    0x00004290   0x00004290   0x00000130   Code   RO          478    i.__kernel_sin      m_wm.l(sin_i.o)
    0x000043c0   0x000043c0   0x00000014   Code   RO          458    i.__mathlib_dbl_infnan  m_wm.l(dunder.o)
    0x000043d4   0x000043d4   0x00000004   PAD
    0x000043d8   0x000043d8   0x00000020   Code   RO          460    i.__mathlib_dbl_invalid  m_wm.l(dunder.o)
    0x000043f8   0x000043f8   0x00000020   Code   RO          463    i.__mathlib_dbl_underflow  m_wm.l(dunder.o)
    0x00004418   0x00004418   0x0000000e   Code   RO          400    i._is_digit         c_w.l(__printf_wp.o)
    0x00004426   0x00004426   0x00000018   Code   RO          531    i.fabs              m_wm.l(fabs.o)
    0x0000443e   0x0000443e   0x0000006e   Code   RO          483    i.sqrt              m_wm.l(sqrt.o)
    0x000044ac   0x000044ac   0x0000002c   Code   RO          579    locale$$code        c_w.l(lc_numeric_c.o)
    0x000044d8   0x000044d8   0x0000002c   Code   RO          596    locale$$code        c_w.l(lc_ctype_c.o)
    0x00004504   0x00004504   0x00000018   Code   RO          433    x$fpl$basic         fz_wm.l(basic.o)
    0x0000451c   0x0000451c   0x00000150   Code   RO          435    x$fpl$dadd          fz_wm.l(daddsub_clz.o)
    0x0000466c   0x0000466c   0x000002b4   Code   RO          301    x$fpl$ddiv          fz_wm.l(ddiv.o)
    0x00004920   0x00004920   0x0000005e   Code   RO          304    x$fpl$dfix          fz_wm.l(dfix.o)
    0x0000497e   0x0000497e   0x0000002e   Code   RO          313    x$fpl$dflt          fz_wm.l(dflt_clz.o)
    0x000049ac   0x000049ac   0x00000026   Code   RO          312    x$fpl$dfltu         fz_wm.l(dflt_clz.o)
    0x000049d2   0x000049d2   0x00000002   PAD
    0x000049d4   0x000049d4   0x00000154   Code   RO          318    x$fpl$dmul          fz_wm.l(dmul.o)
    0x00004b28   0x00004b28   0x0000009c   Code   RO          441    x$fpl$dnaninf       fz_wm.l(dnaninf.o)
    0x00004bc4   0x00004bc4   0x0000000c   Code   RO          443    x$fpl$dretinf       fz_wm.l(dretinf.o)
    0x00004bd0   0x00004bd0   0x00000016   Code   RO          436    x$fpl$drsb          fz_wm.l(daddsub_clz.o)
    0x00004be6   0x00004be6   0x00000002   PAD
    0x00004be8   0x00004be8   0x00000198   Code   RO          527    x$fpl$dsqrt         fz_wm.l(dsqrt_umaal.o)
    0x00004d80   0x00004d80   0x000001dc   Code   RO          437    x$fpl$dsub          fz_wm.l(daddsub_clz.o)
    0x00004f5c   0x00004f5c   0x0000001a   Code   RO          658    x$fpl$fpinit        fz_wm.l(fpinit.o)
    0x00004f76   0x00004f76   0x00000004   Code   RO          445    x$fpl$printf1       fz_wm.l(printf1.o)
    0x00004f7a   0x00004f7a   0x00000004   Code   RO          447    x$fpl$printf2       fz_wm.l(printf2.o)
    0x00004f7e   0x00004f7e   0x00000000   Code   RO          453    x$fpl$usenofp       fz_wm.l(usenofp.o)
    0x00004f7e   0x00004f7e   0x00000002   PAD
    0x00004f80   0x00004f80   0x00000050   Data   RO          323    .constdata          m_wm.l(acos.o)
    0x00004fd0   0x00004fd0   0x00000008   Data   RO          359    .constdata          c_w.l(_printf_wctomb.o)
    0x00004fd8   0x00004fd8   0x00000028   Data   RO          388    .constdata          c_w.l(_printf_hex_int_ll_ptr.o)
    0x00005000   0x00005000   0x00000011   Data   RO          408    .constdata          c_w.l(__printf_flags_ss_wp.o)
    0x00005011   0x00005011   0x00000007   PAD
    0x00005018   0x00005018   0x00000030   Data   RO          455    .constdata          m_wm.l(cos_i.o)
    0x00005048   0x00005048   0x000000cc   Data   RO          475    .constdata          m_wm.l(rred.o)
    0x00005114   0x00005114   0x00000004   PAD
    0x00005118   0x00005118   0x00000028   Data   RO          479    .constdata          m_wm.l(sin_i.o)
    0x00005140   0x00005140   0x00000026   Data   RO          516    .constdata          c_w.l(_printf_fp_hex.o)
    0x00005166   0x00005166   0x00000002   PAD
    0x00005168   0x00005168   0x00000094   Data   RO          552    .constdata          c_w.l(bigflt0.o)
    0x000051fc   0x000051fc   0x0000005b   Data   RO          174    .rodata.VL51L1X_DEFAULT_CONFIGURATION  vl53l1x_api.o
    0x00005257   0x00005257   0x00000023   Data   RO           44    .rodata.str1.1      uart.o
    0x0000527a   0x0000527a   0x00000033   Data   RO          175    .rodata.str1.1      vl53l1x_api.o
    0x000052ad   0x000052ad   0x00000015   Data   RO          258    .rodata.str1.1      project.o
    0x000052c2   0x000052c2   0x00000002   PAD
    0x000052c4   0x000052c4   0x00000020   Data   RO          733    Region$$Table       anon$$obj.o
    0x000052e4   0x000052e4   0x0000001c   Data   RO          578    locale$$data        c_w.l(lc_numeric_c.o)
    0x00005300   0x00005300   0x00000110   Data   RO          595    locale$$data        c_w.l(lc_ctype_c.o)


    Execution Region ER_RW (Exec base: 0x20000000, Load base: 0x00005410, Size: 0x00000008, Max: 0xffffffff, ABSOLUTE)

    Exec Addr    Load Addr    Size         Type   Attr      Idx    E Section Name        Object

    0x20000000   0x00005410   0x00000004   Data   RW          285    .data.SystemCoreClock  system_msp432e401y.o
    0x20000004   0x00005414   0x00000002   Data   RW          247    .data.dev           project.o


    Execution Region ER_ZI (Exec base: 0x20000008, Load base: 0x00005418, Size: 0x00000cd0, Max: 0xffffffff, ABSOLUTE)

    Exec Addr    Load Addr    Size         Type   Attr      Idx    E Section Name        Object

    0x20000008        -       0x00000060   Zero   RW          538    .bss                c_w.l(libspace.o)
    0x20000068        -       0x00000002   Zero   RW          253    .bss.Distance       project.o
    0x2000006a        -       0x00000001   Zero   RW          246    .bss.active         project.o
    0x2000006b   0x00005418   0x00000005   PAD
    0x20000070        -       0x00000240   Zero   RW          256    .bss.coordinate     project.o
    0x200002b0        -       0x00000001   Zero   RW          244    .bss.dataReady      project.o
    0x200002b1        -       0x00000001   Zero   RW          245    .bss.guessPush      project.o
    0x200002b2        -       0x00000001   Zero   RW          251    .bss.layer          project.o
    0x200002b3   0x00005418   0x00000005   PAD
    0x200002b8        -       0x00000008   Zero   RW          252    .bss.pi             project.o
    0x200002c0        -       0x000003ff   Zero   RW           43    .bss.printf_buffer  uart.o
    0x200006bf        -       0x000003ff   Zero   RW          259    .bss.printf_buffer  project.o
    0x20000abe        -       0x00000001   Zero   RW          250    .bss.sensorState    project.o
    0x20000abf        -       0x00000001   Zero   RW          248    .bss.status         project.o
    0x20000ac0        -       0x00000002   Zero   RW          257    .bss.wordData       project.o
    0x20000ac2   0x00005418   0x00000006   PAD
    0x20000ac8        -       0x00000008   Zero   RW          254    .bss.x              project.o
    0x20000ad0        -       0x00000008   Zero   RW          255    .bss.y              project.o
    0x20000ad8        -       0x00000000   Zero   RW          272    HEAP                startup_msp432e401y_uvision.o
    0x20000ad8        -       0x00000200   Zero   RW          271    STACK               startup_msp432e401y_uvision.o


==============================================================================

Image component sizes


      Code (inc. data)   RO Data    RW Data    ZI Data      Debug   Object Name

       178          0          0          0          0        535   i2c_init.o
       434          0          0          0          0       1513   onboardleds.o
       312          0          0          0          0        729   pll.o
      1648         24         21          2       1633       3378   project.o
       280          0          0          0          0       1439   spin.o
        60         22        508          0        512        952   startup_msp432e401y_uvision.o
        36          0          0          4          0       7268   system_msp432e401y.o
       188          0          0          0          0       1066   systick.o
       436          0         35          0       1023       1429   uart.o
      1252          0          0          0          0       4060   vl53l1_platform_2dx4.o
      1962          0        142          0          0      11310   vl53l1x_api.o

    ----------------------------------------------------------------------
      6840         46        740          8       3184      33679   Object Totals
         0          0         32          0          0          0   (incl. Generated)
        54          0          2          2         16          0   (incl. Padding)

    ----------------------------------------------------------------------

      Code (inc. data)   RO Data    RW Data    ZI Data      Debug   Library Member Name

         8          0          0          0          0         68   __main.o
       392          4         17          0          0         92   __printf_flags_ss_wp.o
        14          0          0          0          0         68   __printf_wp.o
         0          0          0          0          0          0   __rtentry.o
        12          0          0          0          0          0   __rtentry2.o
         6          0          0          0          0          0   __rtentry4.o
        94          8          0          0          0          0   __scatter.o
        26          0          0          0          0          0   __scatter_copy.o
        28          0          0          0          0          0   __scatter_zi.o
        72          0          0          0          0         96   _c16rtomb.o
         6          0          0          0          0          0   _printf_a.o
         6          0          0          0          0          0   _printf_c.o
        44          0          0          0          0        108   _printf_char.o
        48          6          0          0          0         96   _printf_char_common.o
        40          0          0          0          0         68   _printf_charcount.o
         6          0          0          0          0          0   _printf_d.o
       120         16          0          0          0         92   _printf_dec.o
         6          0          0          0          0          0   _printf_e.o
         6          0          0          0          0          0   _printf_f.o
      1052          0          0          0          0        148   _printf_fp_dec.o
       764          8         38          0          0        100   _printf_fp_hex.o
       128         16          0          0          0         84   _printf_fp_infnan.o
         6          0          0          0          0          0   _printf_g.o
       148          4         40          0          0        160   _printf_hex_int_ll_ptr.o
         6          0          0          0          0          0   _printf_i.o
       178          0          0          0          0         88   _printf_intcommon.o
        10          0          0          0          0          0   _printf_l.o
         6          0          0          0          0          0   _printf_lc.o
        10          0          0          0          0          0   _printf_ll.o
         6          0          0          0          0          0   _printf_lld.o
         6          0          0          0          0          0   _printf_lli.o
         6          0          0          0          0          0   _printf_llo.o
         6          0          0          0          0          0   _printf_llu.o
         6          0          0          0          0          0   _printf_llx.o
       124         16          0          0          0         92   _printf_longlong_dec.o
         6          0          0          0          0          0   _printf_ls.o
         6          0          0          0          0          0   _printf_n.o
         6          0          0          0          0          0   _printf_o.o
       112          8          0          0          0        124   _printf_oct_int_ll.o
         6          0          0          0          0          0   _printf_p.o
        78          0          0          0          0        108   _printf_pad.o
         0          0          0          0          0          0   _printf_percent.o
         4          0          0          0          0          0   _printf_percent_end.o
         6          0          0          0          0          0   _printf_s.o
        82          0          0          0          0         80   _printf_str.o
        36          0          0          0          0         84   _printf_truncate.o
         6          0          0          0          0          0   _printf_u.o
        44          0          0          0          0        108   _printf_wchar.o
       188          6          8          0          0         92   _printf_wctomb.o
         6          0          0          0          0          0   _printf_x.o
        22          0          0          0          0        100   _rserrno.o
        10          0          0          0          0         68   _sputc.o
       228          4        148          0          0         96   bigflt0.o
      1936        128          0          0          0        668   btod.o
        18          0          0          0          0         80   exit.o
         6          0          0          0          0        152   heapauxi.o
         0          0          0          0          0          0   indicate_semi.o
        44         10        272          0          0         76   lc_ctype_c.o
        44         10         28          0          0         76   lc_numeric_c.o
         2          0          0          0          0          0   libinit.o
        34          0          0          0          0          0   libinit2.o
         2          0          0          0          0          0   libshutdown.o
         2          0          0          0          0          0   libshutdown2.o
         8          4          0          0         96         68   libspace.o
       138          0          0          0          0         80   lludiv10.o
        16          4          0          0          0         76   rt_ctype_table.o
         8          4          0          0          0         68   rt_errno_addr_intlibspace.o
         8          4          0          0          0         68   rt_locale_intlibspace.o
         2          0          0          0          0          0   rtexit.o
        10          0          0          0          0          0   rtexit2.o
        44          6          0          0          0         84   sprintf.o
       124          0          0          0          0         88   strcmpv7em.o
        12          4          0          0          0         68   sys_exit.o
        74          0          0          0          0         80   sys_stackheap_outer.o
         2          0          0          0          0         68   use_no_semi.o
        24          0          0          0          0        164   basic.o
       834         16          0          0          0        516   daddsub_clz.o
       692        140          0          0          0        264   ddiv.o
        94          4          0          0          0        140   dfix.o
        84          0          0          0          0        232   dflt_clz.o
       340         12          0          0          0        152   dmul.o
       156          4          0          0          0        140   dnaninf.o
        12          0          0          0          0        116   dretinf.o
       408         56          0          0          0        168   dsqrt_umaal.o
        26          0          0          0          0        116   fpinit.o
         4          0          0          0          0        116   printf1.o
         4          0          0          0          0        116   printf2.o
         0          0          0          0          0          0   usenofp.o
       856        118         80          0          0        288   acos.o
       200         20          0          0          0        164   cos.o
       368         46         48          0          0        200   cos_i.o
        84         16          0          0          0        372   dunder.o
        24          0          0          0          0        124   fabs.o
        48          0          0          0          0        124   fpclassify.o
       248          0          0          0          0        152   poly.o
      1080        142        204          0          0        188   rred.o
       200         20          0          0          0        164   sin.o
       304         24         40          0          0        208   sin_i.o
       110          0          0          0          0        148   sqrt.o

    ----------------------------------------------------------------------
     13004        888        936          0         96       8392   Library Totals
        28          0         13          0          0          0   (incl. Padding)

    ----------------------------------------------------------------------

      Code (inc. data)   RO Data    RW Data    ZI Data      Debug   Library Name

      6776        270        551          0         96       4020   c_w.l
      2678        232          0          0          0       2240   fz_wm.l
      3522        386        372          0          0       2132   m_wm.l

    ----------------------------------------------------------------------
     13004        888        936          0         96       8392   Library Totals

    ----------------------------------------------------------------------

==============================================================================


      Code (inc. data)   RO Data    RW Data    ZI Data      Debug   

     19844        934       1676          8       3280      37227   Grand Totals
     19844        934       1676          8       3280      37227   ELF Image Totals
     19844        934       1676          8          0          0   ROM Totals

==============================================================================

    Total RO  Size (Code + RO Data)                21520 (  21.02kB)
    Total RW  Size (RW Data + ZI Data)              3288 (   3.21kB)
    Total ROM Size (Code + RO Data + RW Data)      21528 (  21.02kB)

==============================================================================

